Component: ARM Compiler 5.06 update 4 (build 422) Tool: armlink [4d35d2]

==============================================================================

Section Cross References

    stm32f10x_it.o(.text) refers to noretval__2printf.o(.text) for __2printf
    stm32f10x_it.o(.text) refers to stm32f10x_tim.o(.text) for TIM_ClearFlag
    stm32f10x_it.o(.text) refers to key.o(.data) for KEY_Sys_Timer
    stm32f10x_it.o(.text) refers to stm32f10x_it.o(.data) for sysbufer
    system_stm32f10x.o(.text) refers to system_stm32f10x.o(.data) for SystemCoreClock
    startup_stm32f10x_md.o(STACK) refers (Special) to heapauxi.o(.text) for __use_two_region_memory
    startup_stm32f10x_md.o(HEAP) refers (Special) to heapauxi.o(.text) for __use_two_region_memory
    startup_stm32f10x_md.o(RESET) refers (Special) to heapauxi.o(.text) for __use_two_region_memory
    startup_stm32f10x_md.o(RESET) refers to startup_stm32f10x_md.o(STACK) for __initial_sp
    startup_stm32f10x_md.o(RESET) refers to startup_stm32f10x_md.o(.text) for Reset_Handler
    startup_stm32f10x_md.o(RESET) refers to stm32f10x_it.o(.text) for NMI_Handler
    startup_stm32f10x_md.o(RESET) refers to usart.o(.text) for USART1_IRQHandler
    startup_stm32f10x_md.o(.text) refers (Special) to heapauxi.o(.text) for __use_two_region_memory
    startup_stm32f10x_md.o(.text) refers to system_stm32f10x.o(.text) for SystemInit
    startup_stm32f10x_md.o(.text) refers to __main.o(!!!main) for __main
    startup_stm32f10x_md.o(.text) refers to startup_stm32f10x_md.o(HEAP) for Heap_Mem
    startup_stm32f10x_md.o(.text) refers to startup_stm32f10x_md.o(STACK) for Stack_Mem
    stm32f10x_gpio.o(.text) refers to stm32f10x_rcc.o(.text) for RCC_APB2PeriphResetCmd
    stm32f10x_rcc.o(.text) refers to stm32f10x_rcc.o(.data) for APBAHBPrescTable
    stm32f10x_usart.o(.text) refers to stm32f10x_rcc.o(.text) for RCC_APB2PeriphResetCmd
    stm32f10x_adc.o(.text) refers to stm32f10x_rcc.o(.text) for RCC_APB2PeriphResetCmd
    stm32f10x_bkp.o(.text) refers to stm32f10x_rcc.o(.text) for RCC_BackupResetCmd
    stm32f10x_can.o(.text) refers to stm32f10x_rcc.o(.text) for RCC_APB1PeriphResetCmd
    stm32f10x_cec.o(.text) refers to stm32f10x_rcc.o(.text) for RCC_APB1PeriphResetCmd
    stm32f10x_dac.o(.text) refers to stm32f10x_rcc.o(.text) for RCC_APB1PeriphResetCmd
    stm32f10x_i2c.o(.text) refers to stm32f10x_rcc.o(.text) for RCC_APB1PeriphResetCmd
    stm32f10x_pwr.o(.text) refers to stm32f10x_rcc.o(.text) for RCC_APB1PeriphResetCmd
    stm32f10x_spi.o(.text) refers to stm32f10x_rcc.o(.text) for RCC_APB2PeriphResetCmd
    stm32f10x_tim.o(.text) refers to stm32f10x_rcc.o(.text) for RCC_APB2PeriphResetCmd
    stm32f10x_wwdg.o(.text) refers to stm32f10x_rcc.o(.text) for RCC_APB1PeriphResetCmd
    delay.o(.text) refers to delay.o(.data) for fac_us
    sys.o(.text) refers to _printf_pad.o(.text) for _printf_pre_padding
    sys.o(.text) refers to _printf_percent.o(.ARM.Collect$$_printf_percent$$00000000) for _printf_percent
    sys.o(.text) refers to _printf_x.o(.ARM.Collect$$_printf_percent$$0000000C) for _printf_x
    sys.o(.text) refers to _printf_hex_int.o(.text) for _printf_longlong_hex
    sys.o(.text) refers to noretval__2sprintf.o(.text) for __2sprintf
    sys.o(.text) refers to misc.o(.text) for NVIC_PriorityGroupConfig
    sys.o(.text) refers to sys.o(.emb_text) for WFI_SET
    usart.o(.text) refers (Special) to use_no_semi_2.o(.text) for __use_no_semihosting
    usart.o(.text) refers to _printf_percent.o(.ARM.Collect$$_printf_percent$$00000000) for _printf_percent
    usart.o(.text) refers to _printf_c.o(.ARM.Collect$$_printf_percent$$00000013) for _printf_c
    usart.o(.text) refers to _printf_str.o(.text) for _printf_str
    usart.o(.text) refers to sys.o(.text) for MY_NVIC_Init
    usart.o(.text) refers to stm32f10x_rcc.o(.text) for RCC_APB2PeriphClockCmd
    usart.o(.text) refers to stm32f10x_usart.o(.text) for USART_DeInit
    usart.o(.text) refers to stm32f10x_gpio.o(.text) for GPIO_Init
    usart.o(.text) refers to noretval__2printf.o(.text) for __2printf
    usart.o(.bss) refers (Special) to use_no_semi_2.o(.text) for __use_no_semihosting
    usart.o(.data) refers (Special) to use_no_semi_2.o(.text) for __use_no_semihosting
    main.o(.text) refers to _printf_percent.o(.ARM.Collect$$_printf_percent$$00000000) for _printf_percent
    main.o(.text) refers to _printf_s.o(.ARM.Collect$$_printf_percent$$00000014) for _printf_s
    main.o(.text) refers to _printf_str.o(.text) for _printf_str
    main.o(.text) refers to _printf_f.o(.ARM.Collect$$_printf_percent$$00000003) for _printf_f
    main.o(.text) refers to printf1.o(x$fpl$printf1) for _printf_fp_dec
    main.o(.text) refers to _printf_c.o(.ARM.Collect$$_printf_percent$$00000013) for _printf_c
    main.o(.text) refers to usart.o(.text) for USARTx_Init
    main.o(.text) refers to adg1608.o(.text) for Key_GPIO_Config
    main.o(.text) refers to i2c.o(.text) for Ini_I2c
[...]
    .text                                    0x08000554   Section        0  stm32f10x_gpio.o(.text)
    .text                                    0x080008b0   Section        0  stm32f10x_rcc.o(.text)
    .text                                    0x08000c54   Section        0  stm32f10x_usart.o(.text)
    .text                                    0x0800105c   Section        0  stm32f10x_tim.o(.text)
    TI4_Config                               0x08001503   Thumb Code   130  stm32f10x_tim.o(.text)
    TI3_Config                               0x08001597   Thumb Code   122  stm32f10x_tim.o(.text)
    TI2_Config                               0x0800162b   Thumb Code   130  stm32f10x_tim.o(.text)
    TI1_Config                               0x080016bf   Thumb Code   108  stm32f10x_tim.o(.text)
    .text                                    0x08001e78   Section        0  delay.o(.text)
    .text                                    0x08001f48   Section        0  sys.o(.text)
    .text                                    0x08002264   Section        0  usart.o(.text)
    .text                                    0x08002378   Section        0  main.o(.text)
    .text                                    0x080023d8   Section        0  i2c.o(.text)
    .text                                    0x08002c98   Section        0  adg1608.o(.text)
    .text                                    0x08002fcc   Section        2  use_no_semi_2.o(.text)
    .text                                    0x08002fd0   Section        0  noretval__2printf.o(.text)
    .text                                    0x08002fe8   Section        0  noretval__2sprintf.o(.text)
    .text                                    0x08003010   Section        0  _printf_pad.o(.text)
    .text                                    0x0800305e   Section        0  _printf_str.o(.text)
    .text                                    0x080030b0   Section        0  _printf_hex_int.o(.text)
    .text                                    0x08003108   Section        0  __printf_flags_wp.o(.text)
    .text                                    0x08003240   Section        0  heapauxi.o(.text)
    .text                                    0x08003246   Section        2  use_no_semi.o(.text)
    .text                                    0x08003248   Section        0  _rserrno.o(.text)
    .text                                    0x0800325e   Section        0  _printf_intcommon.o(.text)
    .text                                    0x08003310   Section        0  _printf_fp_dec.o(.text)
    _fp_digits                               0x08003313   Thumb Code   428  _printf_fp_dec.o(.text)
    .text                                    0x0800372c   Section        0  _printf_char_common.o(.text)
    _printf_input_char                       0x0800372d   Thumb Code    10  _printf_char_common.o(.text)
    .text                                    0x0800375c   Section        0  _sputc.o(.text)
    .text                                    0x08003766   Section        0  _printf_char.o(.text)
    .text                                    0x08003794   Section        0  _printf_char_file.o(.text)
    .text                                    0x080037b8   Section        8  rt_locale_intlibspace.o(.text)
    .text                                    0x080037c0   Section        8  rt_errno_addr_intlibspace.o(.text)
    .text                                    0x080037c8   Section      138  lludiv10.o(.text)
    .text                                    0x08003854   Section        0  _printf_fp_infnan.o(.text)
    .text                                    0x080038d4   Section        0  bigflt0.o(.text)
    .text                                    0x080039b0   Section        0  ferror.o(.text)
    .text                                    0x080039b8   Section        8  libspace.o(.text)
    .text                                    0x080039c0   Section       74  sys_stackheap_outer.o(.text)
    .text                                    0x08003a0a   Section        0  exit.o(.text)
    .text                                    0x08003a1c   Section      128  strcmpv7m.o(.text)
    CL$$btod_d2e                             0x08003a9c   Section       62  btod.o(CL$$btod_d2e)
    CL$$btod_d2e_denorm_low                  0x08003ada   Section       70  btod.o(CL$$btod_d2e_denorm_low)
    CL$$btod_d2e_norm_op1                    0x08003b20   Section       96  btod.o(CL$$btod_d2e_norm_op1)
    CL$$btod_div_common                      0x08003b80   Section      824  btod.o(CL$$btod_div_common)
    CL$$btod_e2e                             0x08003eb8   Section      198  btod.o(CL$$btod_e2e)
    CL$$btod_ediv                            0x08003f7e   Section       40  btod.o(CL$$btod_ediv)
    CL$$btod_emul                            0x08003fa6   Section       40  btod.o(CL$$btod_emul)
    CL$$btod_mult_common                     0x08003fce   Section      580  btod.o(CL$$btod_mult_common)
    i.__ARM_fpclassify                       0x08004212   Section        0  fpclassify.o(i.__ARM_fpclassify)
    i.__ieee754_rem_pio2                     0x0800423c   Section        0  rred.o(i.__ieee754_rem_pio2)
    i.__kernel_cos                           0x080045c4   Section        0  cos_i.o(i.__kernel_cos)
    i.__kernel_poly                          0x080046c0   Section        0  poly.o(i.__kernel_poly)
    i.__kernel_sin                           0x0800476c   Section        0  sin_i.o(i.__kernel_sin)
    i.__mathlib_dbl_infnan                   0x08004858   Section        0  dunder.o(i.__mathlib_dbl_infnan)
    i.__mathlib_dbl_infnan2                  0x0800485e   Section        0  dunder.o(i.__mathlib_dbl_infnan2)
    i.__mathlib_dbl_invalid                  0x08004862   Section        0  dunder.o(i.__mathlib_dbl_invalid)
    i.__mathlib_dbl_underflow                0x08004870   Section        0  dunder.o(i.__mathlib_dbl_underflow)
    i._is_digit                              0x08004880   Section        0  __printf_wp.o(i._is_digit)
    i.atan                                   0x08004890   Section        0  atan.o(i.atan)
    i.atan2                                  0x08004ab0   Section        0  atan2.o(i.atan2)
    i.cos                                    0x08004c30   Section        0  cos.o(i.cos)
    i.sin                                    0x08004ccc   Section        0  sin.o(i.sin)
    i.sqrt                                   0x08004d6c   Section        0  sqrt.o(i.sqrt)
    locale$$code                             0x08004db8   Section       44  lc_numeric_c.o(locale$$code)
    x$fpl$d2f                                0x08004de4   Section       98  d2f.o(x$fpl$d2f)
    x$fpl$dadd                               0x08004e48   Section      336  daddsub_clz.o(x$fpl$dadd)
    _dadd1                                   0x08004e59   Thumb Code     0  daddsub_clz.o(x$fpl$dadd)
    x$fpl$dcheck1                            0x08004f98   Section       16  dcheck1.o(x$fpl$dcheck1)
    x$fpl$ddiv                               0x08004fa8   Section      688  ddiv.o(x$fpl$ddiv)
    ddiv_entry                               0x08004faf   Thumb Code     0  ddiv.o(x$fpl$ddiv)
    x$fpl$dfix                               0x08005258   Section       94  dfix.o(x$fpl$dfix)
    x$fpl$dfixu                              0x080052b8   Section       90  dfixu.o(x$fpl$dfixu)
    x$fpl$dflt                               0x08005312   Section       46  dflt_clz.o(x$fpl$dflt)
    x$fpl$dfltu                              0x08005340   Section       38  dflt_clz.o(x$fpl$dfltu)
    x$fpl$dmul                               0x08005368   Section      340  dmul.o(x$fpl$dmul)
    x$fpl$dnaninf                            0x080054bc   Section      156  dnaninf.o(x$fpl$dnaninf)
    x$fpl$dretinf                            0x08005558   Section       12  dretinf.o(x$fpl$dretinf)
    x$fpl$drsb                               0x08005564   Section       22  daddsub_clz.o(x$fpl$drsb)
    x$fpl$dsqrt                              0x0800557c   Section      460  dsqrt_noumaal.o(x$fpl$dsqrt)
    x$fpl$dsub                               0x08005748   Section      468  daddsub_clz.o(x$fpl$dsub)
    _dsub1                                   0x08005759   Thumb Code     0  daddsub_clz.o(x$fpl$dsub)
    x$fpl$f2d                                0x0800591c   Section       86  f2d.o(x$fpl$f2d)
    x$fpl$fadd                               0x08005974   Section      196  faddsub_clz.o(x$fpl$fadd)
    _fadd1                                   0x08005983   Thumb Code     0  faddsub_clz.o(x$fpl$fadd)
    x$fpl$fcmpinf                            0x08005a38   Section       24  fcmpi.o(x$fpl$fcmpinf)
    x$fpl$fdiv                               0x08005a50   Section      388  fdiv.o(x$fpl$fdiv)
    _fdiv1                                   0x08005a51   Thumb Code     0  fdiv.o(x$fpl$fdiv)
    x$fpl$fflt                               0x08005bd4   Section       48  fflt_clz.o(x$fpl$fflt)
    x$fpl$ffltu                              0x08005c04   Section       38  fflt_clz.o(x$fpl$ffltu)
    x$fpl$fleqf                              0x08005c2c   Section      104  fleqf.o(x$fpl$fleqf)
    x$fpl$fmul                               0x08005c94   Section      258  fmul.o(x$fpl$fmul)
    x$fpl$fnaninf                            0x08005d96   Section      140  fnaninf.o(x$fpl$fnaninf)
    x$fpl$fretinf                            0x08005e22   Section       10  fretinf.o(x$fpl$fretinf)
    x$fpl$frleqf                             0x08005e2c   Section       98  frleqf.o(x$fpl$frleqf)
    x$fpl$fsub                               0x08005e90   Section      234  faddsub_clz.o(x$fpl$fsub)
    _fsub1                                   0x08005e9f   Thumb Code     0  faddsub_clz.o(x$fpl$fsub)
    x$fpl$printf1                            0x08005f7a   Section        4  printf1.o(x$fpl$printf1)
    x$fpl$retnan                             0x08005f7e   Section      100  retnan.o(x$fpl$retnan)
    x$fpl$scalbn                             0x08005fe2   Section       92  scalbn.o(x$fpl$scalbn)
    x$fpl$trapveneer                         0x0800603e   Section       48  trapv.o(x$fpl$trapveneer)
    .constdata                               0x0800606e   Section       40  _printf_hex_int.o(.constdata)
    x$fpl$usenofp                            0x0800606e   Section        0  usenofp.o(x$fpl$usenofp)
    uc_hextab                                0x0800606e   Data          20  _printf_hex_int.o(.constdata)
    lc_hextab                                0x08006082   Data          20  _printf_hex_int.o(.constdata)
    .constdata                               0x08006096   Section       17  __printf_flags_wp.o(.constdata)
    maptable                                 0x08006096   Data          17  __printf_flags_wp.o(.constdata)
    .constdata                               0x080060a8   Section      152  atan.o(.constdata)
    atanhi                                   0x080060a8   Data          32  atan.o(.constdata)
    atanlo                                   0x080060c8   Data          32  atan.o(.constdata)
    aTodd                                    0x080060e8   Data          40  atan.o(.constdata)
    aTeven                                   0x08006110   Data          48  atan.o(.constdata)
    .constdata                               0x08006140   Section       48  cos_i.o(.constdata)
    C                                        0x08006140   Data          48  cos_i.o(.constdata)
    .constdata                               0x08006170   Section        8  qnan.o(.constdata)
    .constdata                               0x08006178   Section      200  rred.o(.constdata)
    pio2s                                    0x08006178   Data          48  rred.o(.constdata)
    twooverpi                                0x080061a8   Data         152  rred.o(.constdata)
    .constdata                               0x08006240   Section       40  sin_i.o(.constdata)
    S                                        0x08006240   Data          40  sin_i.o(.constdata)
    .constdata                               0x08006268   Section      148  bigflt0.o(.constdata)
    tenpwrs_x                                0x08006268   Data          60  bigflt0.o(.constdata)
    tenpwrs_i                                0x080062a4   Data          64  bigflt0.o(.constdata)
    locale$$data                             0x0800631c   Section       28  lc_numeric_c.o(locale$$data)
    __lcnum_c_name                           0x08006320   Data           2  lc_numeric_c.o(locale$$data)
    __lcnum_c_start                          0x08006328   Data           0  lc_numeric_c.o(locale$$data)
    __lcnum_c_point                          0x08006334   Data           0  lc_numeric_c.o(locale$$data)
    __lcnum_c_thousands                      0x08006336   Data           0  lc_numeric_c.o(locale$$data)
    __lcnum_c_grouping                       0x08006337   Data           0  lc_numeric_c.o(locale$$data)
    __lcnum_c_end                            0x08006338   Data           0  lc_numeric_c.o(locale$$data)
    .data                                    0x20000000   Section        8  stm32f10x_it.o(.data)
    .data                                    0x20000008   Section       20  system_stm32f10x.o(.data)
    .data                                    0x2000001c   Section       20  stm32f10x_rcc.o(.data)
    APBAHBPrescTable                         0x2000001c   Data          16  stm32f10x_rcc.o(.data)
    ADCPrescTable                            0x2000002c   Data           4  stm32f10x_rcc.o(.data)
    .data                                    0x20000030   Section        4  delay.o(.data)
    fac_us                                   0x20000030   Data           1  delay.o(.data)
    fac_ms                                   0x20000032   Data           2  delay.o(.data)
    .data                                    0x20000034   Section        6  usart.o(.data)
    .data                                    0x2000003c   Section        8  i2c.o(.data)
    .data                                    0x20000044   Section       32  key.o(.data)
    .bss                                     0x20000064   Section     3200  i2c.o(.bss)
    .bss                                     0x20000ce4   Section       96  libspace.o(.bss)
    HEAP                                     0x20000d48   Section      512  startup_stm32f10x_md.o(HEAP)
    Heap_Mem                                 0x20000d48   Data         512  startup_stm32f10x_md.o(HEAP)
    STACK                                    0x20000f48   Section     1024  startup_stm32f10x_md.o(STACK)
    Stack_Mem                                0x20000f48   Data        1024  startup_stm32f10x_md.o(STACK)
    __initial_sp                             0x20001348   Data           0  startup_stm32f10x_md.o(STACK)

    Global Symbols

    Symbol Name                              Value     Ov Type        Size  Object(Section)

    BuildAttributes$$THM_ISAv4$P$D$K$B$S$PE$A:L22UL41UL21$X:L11$S22US41US21$IEEE1$IW$USESV6$~STKCKD$USESV7$~SHL$OTIME$ROPI$IEEEX$EBA8$UX$STANDARDLIB$REQ8$PRES8$EABIv2 0x00000000   Number         0  anon$$obj.o ABSOLUTE
    __ARM_use_no_argv                        0x00000000   Number         0  main.o ABSOLUTE
    _printf_flags                            0x00000000   Number         0  printf_stubs.o ABSOLUTE
    _printf_return_value                     0x00000000   Number         0  printf_stubs.o ABSOLUTE
    _printf_sizespec                         0x00000000   Number         0  printf_stubs.o ABSOLUTE
    _printf_widthprec                        0x00000000   Number         0  printf_stubs.o ABSOLUTE
    __ARM_exceptions_init                     - Undefined Weak Reference
    __alloca_initialize                       - Undefined Weak Reference
    __arm_preinit_                            - Undefined Weak Reference
    __cpp_initialize__aeabi_                  - Undefined Weak Reference
    __cxa_finalize                            - Undefined Weak Reference
    __sigvec_lookup                           - Undefined Weak Reference
    _atexit_init                              - Undefined Weak Reference
    _call_atexit_fns                          - Undefined Weak Reference
    _clock_init                               - Undefined Weak Reference
    _fp_trap_init                             - Undefined Weak Reference
    _fp_trap_shutdown                         - Undefined Weak Reference
    _get_lc_collate                           - Undefined Weak Reference
    _get_lc_ctype                             - Undefined Weak Reference
    _get_lc_monetary                          - Undefined Weak Reference
    _get_lc_time                              - Undefined Weak Reference
    _getenv_init                              - Undefined Weak Reference
    _handle_redirection                       - Undefined Weak Reference
    _init_alloc                               - Undefined Weak Reference
    _init_user_alloc                          - Undefined Weak Reference
    _initio                                   - Undefined Weak Reference
    _mutex_acquire                            - Undefined Weak Reference
    _mutex_release                            - Undefined Weak Reference
    _printf_mbtowc                            - Undefined Weak Reference
    _printf_truncate_unsigned                 - Undefined Weak Reference
    _rand_init                                - Undefined Weak Reference
    _signal_finish                            - Undefined Weak Reference
    _signal_init                              - Undefined Weak Reference
    _terminate_alloc                          - Undefined Weak Reference
    _terminate_user_alloc                     - Undefined Weak Reference
    _terminateio                              - Undefined Weak Reference
    __Vectors_Size                           0x000000ec   Number         0  startup_stm32f10x_md.o ABSOLUTE
    __Vectors                                0x08000000   Data           4  startup_stm32f10x_md.o(RESET)
    __Vectors_End                            0x080000ec   Data           0  startup_stm32f10x_md.o(RESET)
    __main                                   0x080000ed   Thumb Code     8  __main.o(!!!main)
    __scatterload                            0x080000f5   Thumb Code     0  __scatter.o(!!!scatter)
    __scatterload_rt2                        0x080000f5   Thumb Code    44  __scatter.o(!!!scatter)
    __scatterload_rt2_thumb_only             0x080000f5   Thumb Code     0  __scatter.o(!!!scatter)
    __scatterload_null                       0x08000103   Thumb Code     0  __scatter.o(!!!scatter)
    __scatterload_copy                       0x08000129   Thumb Code    26  __scatter_copy.o(!!handler_copy)
    __scatterload_zeroinit                   0x08000145   Thumb Code    28  __scatter_zi.o(!!handler_zi)
    _printf_f                                0x08000161   Thumb Code     0  _printf_f.o(.ARM.Collect$$_printf_percent$$00000003)
    _printf_percent                          0x08000161   Thumb Code     0  _printf_percent.o(.ARM.Collect$$_printf_percent$$00000000)
    _printf_x                                0x08000167   Thumb Code     0  _printf_x.o(.ARM.Collect$$_printf_percent$$0000000C)
    _printf_c                                0x0800016d   Thumb Code     0  _printf_c.o(.ARM.Collect$$_printf_percent$$00000013)
    _printf_s                                0x08000173   Thumb Code     0  _printf_s.o(.ARM.Collect$$_printf_percent$$00000014)
    _printf_percent_end                      0x08000179   Thumb Code     0  _printf_percent_end.o(.ARM.Collect$$_printf_percent$$00000017)
    __rt_lib_init                            0x0800017d   Thumb Code     0  libinit.o(.ARM.Collect$$libinit$$00000000)
    __rt_lib_init_fp_1                       0x0800017f   Thumb Code     0  libinit2.o(.ARM.Collect$$libinit$$00000002)
    __rt_lib_init_heap_1                     0x0800017f   Thumb Code     0  libinit2.o(.ARM.Collect$$libinit$$0000000A)
    __rt_lib_init_lc_common                  0x0800017f   Thumb Code     0  libinit2.o(.ARM.Collect$$libinit$$0000000F)
    __rt_lib_init_preinit_1                  0x0800017f   Thumb Code     0  libinit2.o(.ARM.Collect$$libinit$$00000004)
    __rt_lib_init_rand_1                     0x0800017f   Thumb Code     0  libinit2.o(.ARM.Collect$$libinit$$0000000E)
    __rt_lib_init_user_alloc_1               0x0800017f   Thumb Code     0  libinit2.o(.ARM.Collect$$libinit$$0000000C)
    __rt_lib_init_lc_collate_1               0x08000185   Thumb Code     0  libinit2.o(.ARM.Collect$$libinit$$00000011)
    __rt_lib_init_lc_ctype_1                 0x08000185   Thumb Code     0  libinit2.o(.ARM.Collect$$libinit$$00000013)
    __rt_lib_init_lc_monetary_1              0x08000185   Thumb Code     0  libinit2.o(.ARM.Collect$$libinit$$00000015)
    __rt_lib_init_lc_numeric_2               0x08000185   Thumb Code     0  libinit2.o(.ARM.Collect$$libinit$$00000016)
    __rt_lib_init_alloca_1                   0x0800018f   Thumb Code     0  libinit2.o(.ARM.Collect$$libinit$$0000002E)
    __rt_lib_init_argv_1                     0x0800018f   Thumb Code     0  libinit2.o(.ARM.Collect$$libinit$$0000002C)
    __rt_lib_init_atexit_1                   0x0800018f   Thumb Code     0  libinit2.o(.ARM.Collect$$libinit$$0000001B)
    __rt_lib_init_clock_1                    0x0800018f   Thumb Code     0  libinit2.o(.ARM.Collect$$libinit$$00000021)
    __rt_lib_init_cpp_1                      0x0800018f   Thumb Code     0  libinit2.o(.ARM.Collect$$libinit$$00000032)
    __rt_lib_init_exceptions_1               0x0800018f   Thumb Code     0  libinit2.o(.ARM.Collect$$libinit$$00000030)
    __rt_lib_init_fp_trap_1                  0x0800018f   Thumb Code     0  libinit2.o(.ARM.Collect$$libinit$$0000001F)
    __rt_lib_init_getenv_1                   0x0800018f   Thumb Code     0  libinit2.o(.ARM.Collect$$libinit$$00000023)
    __rt_lib_init_lc_numeric_1               0x0800018f   Thumb Code     0  libinit2.o(.ARM.Collect$$libinit$$00000017)
    __rt_lib_init_lc_time_1                  0x0800018f   Thumb Code     0  libinit2.o(.ARM.Collect$$libinit$$00000019)
    __rt_lib_init_return                     0x0800018f   Thumb Code     0  libinit2.o(.ARM.Collect$$libinit$$00000033)
    __rt_lib_init_signal_1                   0x0800018f   Thumb Code     0  libinit2.o(.ARM.Collect$$libinit$$0000001D)
    __rt_lib_init_stdio_1                    0x0800018f   Thumb Code     0  libinit2.o(.ARM.Collect$$libinit$$00000025)
    __rt_lib_shutdown                        0x08000191   Thumb Code     0  libshutdown.o(.ARM.Collect$$libshutdown$$00000000)
    __rt_lib_shutdown_cpp_1                  0x08000193   Thumb Code     0  libshutdown2.o(.ARM.Collect$$libshutdown$$00000002)
    __rt_lib_shutdown_fp_trap_1              0x08000193   Thumb Code     0  libshutdown2.o(.ARM.Collect$$libshutdown$$00000007)
    __rt_lib_shutdown_heap_1                 0x08000193   Thumb Code     0  libshutdown2.o(.ARM.Collect$$libshutdown$$0000000F)
    __rt_lib_shutdown_return                 0x08000193   Thumb Code     0  libshutdown2.o(.ARM.Collect$$libshutdown$$00000010)
    __rt_lib_shutdown_signal_1               0x08000193   Thumb Code     0  libshutdown2.o(.ARM.Collect$$libshutdown$$0000000A)
    __rt_lib_shutdown_stdio_1                0x08000193   Thumb Code     0  libshutdown2.o(.ARM.Collect$$libshutdown$$00000004)
    __rt_lib_shutdown_user_alloc_1           0x08000193   Thumb Code     0  libshutdown2.o(.ARM.Collect$$libshutdown$$0000000C)
    __rt_entry                               0x08000195   Thumb Code     0  __rtentry.o(.ARM.Collect$$rtentry$$00000000)
    __rt_entry_presh_1                       0x08000195   Thumb Code     0  __rtentry2.o(.ARM.Collect$$rtentry$$00000002)
    __rt_entry_sh                            0x08000195   Thumb Code     0  __rtentry4.o(.ARM.Collect$$rtentry$$00000004)
    __rt_entry_li                            0x0800019b   Thumb Code     0  __rtentry2.o(.ARM.Collect$$rtentry$$0000000A)
    __rt_entry_postsh_1                      0x0800019b   Thumb Code     0  __rtentry2.o(.ARM.Collect$$rtentry$$00000009)
    __rt_entry_main                          0x0800019f   Thumb Code     0  __rtentry2.o(.ARM.Collect$$rtentry$$0000000D)
    __rt_entry_postli_1                      0x0800019f   Thumb Code     0  __rtentry2.o(.ARM.Collect$$rtentry$$0000000C)
    __rt_exit                                0x080001a7   Thumb Code     0  rtexit.o(.ARM.Collect$$rtexit$$00000000)
    __rt_exit_ls                             0x080001a9   Thumb Code     0  rtexit2.o(.ARM.Collect$$rtexit$$00000003)
    __rt_exit_prels_1                        0x080001a9   Thumb Code     0  rtexit2.o(.ARM.Collect$$rtexit$$00000002)
    __rt_exit_exit                           0x080001ad   Thumb Code     0  rtexit2.o(.ARM.Collect$$rtexit$$00000004)
    WFI_SET                                  0x080001b5   Thumb Code     2  sys.o(.emb_text)
    NMI_Handler                              0x080001b9   Thumb Code     2  stm32f10x_it.o(.text)
    HardFault_Handler                        0x080001bb   Thumb Code    10  stm32f10x_it.o(.text)
    MemManage_Handler                        0x080001c5   Thumb Code     2  stm32f10x_it.o(.text)
    BusFault_Handler                         0x080001c7   Thumb Code     2  stm32f10x_it.o(.text)
    UsageFault_Handler                       0x080001c9   Thumb Code     2  stm32f10x_it.o(.text)
    SVC_Handler                              0x080001cb   Thumb Code     2  stm32f10x_it.o(.text)
    DebugMon_Handler                         0x080001cd   Thumb Code     2  stm32f10x_it.o(.text)
    PendSV_Handler                           0x080001cf   Thumb Code     2  stm32f10x_it.o(.text)
    SysTick_Handler                          0x080001d1   Thumb Code     2  stm32f10x_it.o(.text)
    TIM3_IRQHandler                          0x080001d3   Thumb Code    80  stm32f10x_it.o(.text)
    SystemInit                               0x08000337   Thumb Code    78  system_stm32f10x.o(.text)
    SystemCoreClockUpdate                    0x08000385   Thumb Code   142  system_stm32f10x.o(.text)
    Reset_Handler                            0x08000439   Thumb Code     8  startup_stm32f10x_md.o(.text)
    ADC1_2_IRQHandler                        0x08000453   Thumb Code     0  startup_stm32f10x_md.o(.text)
    CAN1_RX1_IRQHandler                      0x08000453   Thumb Code     0  startup_stm32f10x_md.o(.text)
    CAN1_SCE_IRQHandler                      0x08000453   Thumb Code     0  startup_stm32f10x_md.o(.text)
    DMA1_Channel1_IRQHandler                 0x08000453   Thumb Code     0  startup_stm32f10x_md.o(.text)
    DMA1_Channel2_IRQHandler                 0x08000453   Thumb Code     0  startup_stm32f10x_md.o(.text)
    DMA1_Channel3_IRQHandler                 0x08000453   Thumb Code     0  startup_stm32f10x_md.o(.text)
    DMA1_Channel4_IRQHandler                 0x08000453   Thumb Code     0  startup_stm32f10x_md.o(.text)
    DMA1_Channel5_IRQHandler                 0x08000453   Thumb Code     0  startup_stm32f10x_md.o(.text)
    DMA1_Channel6_IRQHandler                 0x08000453   Thumb Code     0  startup_stm32f10x_md.o(.text)
    DMA1_Channel7_IRQHandler                 0x08000453   Thumb Code     0  startup_stm32f10x_md.o(.text)
    EXTI0_IRQHandler                         0x08000453   Thumb Code     0  startup_stm32f10x_md.o(.text)
    EXTI15_10_IRQHandler                     0x08000453   Thumb Code     0  startup_stm32f10x_md.o(.text)
    EXTI1_IRQHandler                         0x08000453   Thumb Code     0  startup_stm32f10x_md.o(.text)
    EXTI2_IRQHandler                         0x08000453   Thumb Code     0  startup_stm32f10x_md.o(.text)
    EXTI3_IRQHandler                         0x08000453   Thumb Code     0  startup_stm32f10x_md.o(.text)
    EXTI4_IRQHandler                         0x08000453   Thumb Code     0  startup_stm32f10x_md.o(.text)
    EXTI9_5_IRQHandler                       0x08000453   Thumb Code     0  startup_stm32f10x_md.o(.text)
    FLASH_IRQHandler                         0x08000453   Thumb Code     0  startup_stm32f10x_md.o(.text)
    I2C1_ER_IRQHandler                       0x08000453   Thumb Code     0  startup_stm32f10x_md.o(.text)
    I2C1_EV_IRQHandler                       0x08000453   Thumb Code     0  startup_stm32f10x_md.o(.text)
    I2C2_ER_IRQHandler                       0x08000453   Thumb Code     0  startup_stm32f10x_md.o(.text)
    I2C2_EV_IRQHandler                       0x08000453   Thumb Code     0  startup_stm32f10x_md.o(.text)
    PVD_IRQHandler                           0x08000453   Thumb Code     0  startup_stm32f10x_md.o(.text)
    RCC_IRQHandler                           0x08000453   Thumb Code     0  startup_stm32f10x_md.o(.text)
    RTCAlarm_IRQHandler                      0x08000453   Thumb Code     0  startup_stm32f10x_md.o(.text)
    RTC_IRQHandler                           0x08000453   Thumb Code     0  startup_stm32f10x_md.o(.text)
    SPI1_IRQHandler                          0x08000453   Thumb Code     0  startup_stm32f10x_md.o(.text)
    SPI2_IRQHandler                          0x08000453   Thumb Code     0  startup_stm32f10x_md.o(.text)
    TAMPER_IRQHandler                        0x08000453   Thumb Code     0  startup_stm32f10x_md.o(.text)
    TIM1_BRK_IRQHandler                      0x08000453   Thumb Code     0  startup_stm32f10x_md.o(.text)
    TIM1_CC_IRQHandler                       0x08000453   Thumb Code     0  startup_stm32f10x_md.o(.text)
    TIM1_TRG_COM_IRQHandler                  0x08000453   Thumb Code     0  startup_stm32f10x_md.o(.text)
    TIM1_UP_IRQHandler                       0x08000453   Thumb Code     0  startup_stm32f10x_md.o(.text)
    TIM2_IRQHandler                          0x08000453   Thumb Code     0  startup_stm32f10x_md.o(.text)
    TIM4_IRQHandler                          0x08000453   Thumb Code     0  startup_stm32f10x_md.o(.text)
    USART2_IRQHandler                        0x08000453   Thumb Code     0  startup_stm32f10x_md.o(.text)
    USART3_IRQHandler                        0x08000453   Thumb Code     0  startup_stm32f10x_md.o(.text)
    USBWakeUp_IRQHandler                     0x08000453   Thumb Code     0  startup_stm32f10x_md.o(.text)
    USB_HP_CAN1_TX_IRQHandler                0x08000453   Thumb Code     0  startup_stm32f10x_md.o(.text)
    USB_LP_CAN1_RX0_IRQHandler               0x08000453   Thumb Code     0  startup_stm32f10x_md.o(.text)
    WWDG_IRQHandler                          0x08000453   Thumb Code     0  startup_stm32f10x_md.o(.text)
    __user_initial_stackheap                 0x08000455   Thumb Code     0  startup_stm32f10x_md.o(.text)
    NVIC_PriorityGroupConfig                 0x08000479   Thumb Code    10  misc.o(.text)
    NVIC_Init                                0x08000483   Thumb Code   100  misc.o(.text)
    NVIC_SetVectorTable                      0x080004e7   Thumb Code    14  misc.o(.text)
    NVIC_SystemLPConfig                      0x080004f5   Thumb Code    34  misc.o(.text)
    SysTick_CLKSourceConfig                  0x08000517   Thumb Code    40  misc.o(.text)
    GPIO_DeInit                              0x08000555   Thumb Code   172  stm32f10x_gpio.o(.text)
    GPIO_AFIODeInit                          0x08000601   Thumb Code    20  stm32f10x_gpio.o(.text)
    GPIO_Init                                0x08000615   Thumb Code   278  stm32f10x_gpio.o(.text)
    GPIO_StructInit                          0x0800072b   Thumb Code    16  stm32f10x_gpio.o(.text)
    GPIO_ReadInputDataBit                    0x0800073b   Thumb Code    18  stm32f10x_gpio.o(.text)
    GPIO_ReadInputData                       0x0800074d   Thumb Code     8  stm32f10x_gpio.o(.text)
    GPIO_ReadOutputDataBit                   0x08000755   Thumb Code    18  stm32f10x_gpio.o(.text)
    GPIO_ReadOutputData                      0x08000767   Thumb Code     8  stm32f10x_gpio.o(.text)
    GPIO_SetBits                             0x0800076f   Thumb Code     4  stm32f10x_gpio.o(.text)
    GPIO_ResetBits                           0x08000773   Thumb Code     4  stm32f10x_gpio.o(.text)
    GPIO_WriteBit                            0x08000777   Thumb Code    10  stm32f10x_gpio.o(.text)
    GPIO_Write                               0x08000781   Thumb Code     4  stm32f10x_gpio.o(.text)
    GPIO_PinLockConfig                       0x08000785   Thumb Code    18  stm32f10x_gpio.o(.text)
    GPIO_EventOutputConfig                   0x08000797   Thumb Code    26  stm32f10x_gpio.o(.text)
    GPIO_EventOutputCmd                      0x080007b1   Thumb Code     6  stm32f10x_gpio.o(.text)
    GPIO_PinRemapConfig                      0x080007b7   Thumb Code   138  stm32f10x_gpio.o(.text)
    GPIO_EXTILineConfig                      0x08000841   Thumb Code    66  stm32f10x_gpio.o(.text)
    GPIO_ETH_MediaInterfaceConfig            0x08000883   Thumb Code     8  stm32f10x_gpio.o(.text)
    RCC_DeInit                               0x080008b1   Thumb Code    64  stm32f10x_rcc.o(.text)
    RCC_HSEConfig                            0x080008f1   Thumb Code    70  stm32f10x_rcc.o(.text)
    RCC_GetFlagStatus                        0x08000937   Thumb Code    56  stm32f10x_rcc.o(.text)
    RCC_WaitForHSEStartUp                    0x0800096f   Thumb Code    56  stm32f10x_rcc.o(.text)
    RCC_AdjustHSICalibrationValue            0x080009a7   Thumb Code    20  stm32f10x_rcc.o(.text)
    RCC_HSICmd                               0x080009bb   Thumb Code     6  stm32f10x_rcc.o(.text)
    RCC_PLLConfig                            0x080009c1   Thumb Code    24  stm32f10x_rcc.o(.text)
    RCC_PLLCmd                               0x080009d9   Thumb Code     6  stm32f10x_rcc.o(.text)
    RCC_SYSCLKConfig                         0x080009df   Thumb Code    18  stm32f10x_rcc.o(.text)
    RCC_GetSYSCLKSource                      0x080009f1   Thumb Code    10  stm32f10x_rcc.o(.text)
    RCC_HCLKConfig                           0x080009fb   Thumb Code    18  stm32f10x_rcc.o(.text)
    RCC_PCLK1Config                          0x08000a0d   Thumb Code    18  stm32f10x_rcc.o(.text)
    RCC_PCLK2Config                          0x08000a1f   Thumb Code    20  stm32f10x_rcc.o(.text)
    RCC_ITConfig                             0x08000a33   Thumb Code    26  stm32f10x_rcc.o(.text)
    RCC_USBCLKConfig                         0x08000a4d   Thumb Code     8  stm32f10x_rcc.o(.text)
    RCC_ADCCLKConfig                         0x08000a55   Thumb Code    18  stm32f10x_rcc.o(.text)
    RCC_LSEConfig                            0x08000a67   Thumb Code    50  stm32f10x_rcc.o(.text)
    RCC_LSICmd                               0x08000a99   Thumb Code     6  stm32f10x_rcc.o(.text)
    RCC_RTCCLKConfig                         0x08000a9f   Thumb Code    12  stm32f10x_rcc.o(.text)
    RCC_RTCCLKCmd                            0x08000aab   Thumb Code     8  stm32f10x_rcc.o(.text)
    RCC_GetClocksFreq                        0x08000ab3   Thumb Code   192  stm32f10x_rcc.o(.text)
    RCC_AHBPeriphClockCmd                    0x08000b73   Thumb Code    26  stm32f10x_rcc.o(.text)
    RCC_APB2PeriphClockCmd                   0x08000b8d   Thumb Code    26  stm32f10x_rcc.o(.text)
    RCC_APB1PeriphClockCmd                   0x08000ba7   Thumb Code    26  stm32f10x_rcc.o(.text)
    RCC_APB2PeriphResetCmd                   0x08000bc1   Thumb Code    26  stm32f10x_rcc.o(.text)
    RCC_APB1PeriphResetCmd                   0x08000bdb   Thumb Code    26  stm32f10x_rcc.o(.text)
    RCC_BackupResetCmd                       0x08000bf5   Thumb Code     8  stm32f10x_rcc.o(.text)
    RCC_ClockSecuritySystemCmd               0x08000bfd   Thumb Code     6  stm32f10x_rcc.o(.text)
    RCC_MCOConfig                            0x08000c03   Thumb Code     6  stm32f10x_rcc.o(.text)
    RCC_ClearFlag                            0x08000c09   Thumb Code    14  stm32f10x_rcc.o(.text)
    RCC_GetITStatus                          0x08000c17   Thumb Code    20  stm32f10x_rcc.o(.text)
    RCC_ClearITPendingBit                    0x08000c2b   Thumb Code     6  stm32f10x_rcc.o(.text)
    USART_DeInit                             0x08000c55   Thumb Code   134  stm32f10x_usart.o(.text)
    USART_Init                               0x08000cdb   Thumb Code   210  stm32f10x_usart.o(.text)
    USART_StructInit                         0x08000dad   Thumb Code    24  stm32f10x_usart.o(.text)
    USART_ClockInit                          0x08000dc5   Thumb Code    34  stm32f10x_usart.o(.text)
    USART_ClockStructInit                    0x08000de7   Thumb Code    12  stm32f10x_usart.o(.text)
    USART_Cmd                                0x08000df3   Thumb Code    24  stm32f10x_usart.o(.text)
    USART_ITConfig                           0x08000e0b   Thumb Code    74  stm32f10x_usart.o(.text)
    USART_DMACmd                             0x08000e55   Thumb Code    18  stm32f10x_usart.o(.text)
    USART_SetAddress                         0x08000e67   Thumb Code    18  stm32f10x_usart.o(.text)
    USART_WakeUpConfig                       0x08000e79   Thumb Code    18  stm32f10x_usart.o(.text)
    USART_ReceiverWakeUpCmd                  0x08000e8b   Thumb Code    24  stm32f10x_usart.o(.text)
    USART_LINBreakDetectLengthConfig         0x08000ea3   Thumb Code    18  stm32f10x_usart.o(.text)
    USART_LINCmd                             0x08000eb5   Thumb Code    24  stm32f10x_usart.o(.text)
    USART_SendData                           0x08000ecd   Thumb Code     8  stm32f10x_usart.o(.text)
    USART_ReceiveData                        0x08000ed5   Thumb Code    10  stm32f10x_usart.o(.text)
    USART_SendBreak                          0x08000edf   Thumb Code    10  stm32f10x_usart.o(.text)
    USART_SetGuardTime                       0x08000ee9   Thumb Code    16  stm32f10x_usart.o(.text)
    USART_SetPrescaler                       0x08000ef9   Thumb Code    16  stm32f10x_usart.o(.text)
    USART_SmartCardCmd                       0x08000f09   Thumb Code    24  stm32f10x_usart.o(.text)
    USART_SmartCardNACKCmd                   0x08000f21   Thumb Code    24  stm32f10x_usart.o(.text)
    USART_HalfDuplexCmd                      0x08000f39   Thumb Code    24  stm32f10x_usart.o(.text)
    USART_OverSampling8Cmd                   0x08000f51   Thumb Code    22  stm32f10x_usart.o(.text)
    USART_OneBitMethodCmd                    0x08000f67   Thumb Code    24  stm32f10x_usart.o(.text)
    USART_IrDAConfig                         0x08000f7f   Thumb Code    18  stm32f10x_usart.o(.text)
    USART_IrDACmd                            0x08000f91   Thumb Code    24  stm32f10x_usart.o(.text)
    USART_GetFlagStatus                      0x08000fa9   Thumb Code    26  stm32f10x_usart.o(.text)
    USART_ClearFlag                          0x08000fc3   Thumb Code    18  stm32f10x_usart.o(.text)
    USART_GetITStatus                        0x08000fd5   Thumb Code    84  stm32f10x_usart.o(.text)
    USART_ClearITPendingBit                  0x08001029   Thumb Code    52  stm32f10x_usart.o(.text)
    TIM_DeInit                               0x0800105d   Thumb Code   424  stm32f10x_tim.o(.text)
    TIM_TimeBaseInit                         0x08001205   Thumb Code   122  stm32f10x_tim.o(.text)
    TIM_OC1Init                              0x0800127f   Thumb Code   132  stm32f10x_tim.o(.text)
    TIM_OC2Init                              0x08001303   Thumb Code   154  stm32f10x_tim.o(.text)
    TIM_OC3Init                              0x0800139d   Thumb Code   150  stm32f10x_tim.o(.text)
    TIM_OC4Init                              0x08001433   Thumb Code   182  stm32f10x_tim.o(.text)
    TIM_SetIC4Prescaler                      0x080014e9   Thumb Code    26  stm32f10x_tim.o(.text)
    TIM_SetIC3Prescaler                      0x08001585   Thumb Code    18  stm32f10x_tim.o(.text)
    TIM_SetIC2Prescaler                      0x08001611   Thumb Code    26  stm32f10x_tim.o(.text)
    TIM_SetIC1Prescaler                      0x080016ad   Thumb Code    18  stm32f10x_tim.o(.text)
    TIM_ICInit                               0x0800172b   Thumb Code   150  stm32f10x_tim.o(.text)
    TIM_PWMIConfig                           0x080017c1   Thumb Code   124  stm32f10x_tim.o(.text)
    TIM_BDTRConfig                           0x0800183d   Thumb Code    32  stm32f10x_tim.o(.text)
    TIM_TimeBaseStructInit                   0x0800185d   Thumb Code    18  stm32f10x_tim.o(.text)
    TIM_OCStructInit                         0x0800186f   Thumb Code    20  stm32f10x_tim.o(.text)
    TIM_ICStructInit                         0x08001883   Thumb Code    18  stm32f10x_tim.o(.text)
    TIM_BDTRStructInit                       0x08001895   Thumb Code    40  stm32f10x_tim.o(.text)
    TIM_Cmd                                  0x080018bd   Thumb Code    24  stm32f10x_tim.o(.text)
    TIM_CtrlPWMOutputs                       0x080018d5   Thumb Code    30  stm32f10x_tim.o(.text)
    TIM_ITConfig                             0x080018f3   Thumb Code    18  stm32f10x_tim.o(.text)
    TIM_GenerateEvent                        0x08001905   Thumb Code     4  stm32f10x_tim.o(.text)
    TIM_DMAConfig                            0x08001909   Thumb Code    10  stm32f10x_tim.o(.text)
    TIM_DMACmd                               0x08001913   Thumb Code    18  stm32f10x_tim.o(.text)
    TIM_InternalClockConfig                  0x08001925   Thumb Code    12  stm32f10x_tim.o(.text)
    TIM_SelectInputTrigger                   0x08001931   Thumb Code    18  stm32f10x_tim.o(.text)
    TIM_ITRxExternalClockConfig              0x08001943   Thumb Code    24  stm32f10x_tim.o(.text)
    TIM_TIxExternalClockConfig               0x0800195b   Thumb Code    62  stm32f10x_tim.o(.text)
    TIM_ETRConfig                            0x08001999   Thumb Code    28  stm32f10x_tim.o(.text)
    TIM_ETRClockMode1Config                  0x080019b5   Thumb Code    54  stm32f10x_tim.o(.text)
    TIM_ETRClockMode2Config                  0x080019eb   Thumb Code    32  stm32f10x_tim.o(.text)
    TIM_PrescalerConfig                      0x08001a0b   Thumb Code     6  stm32f10x_tim.o(.text)
    TIM_CounterModeConfig                    0x08001a11   Thumb Code    18  stm32f10x_tim.o(.text)
    TIM_EncoderInterfaceConfig               0x08001a23   Thumb Code    66  stm32f10x_tim.o(.text)
    TIM_ForcedOC1Config                      0x08001a65   Thumb Code    18  stm32f10x_tim.o(.text)
    TIM_ForcedOC2Config                      0x08001a77   Thumb Code    26  stm32f10x_tim.o(.text)
    TIM_ForcedOC3Config                      0x08001a91   Thumb Code    18  stm32f10x_tim.o(.text)
    TIM_ForcedOC4Config                      0x08001aa3   Thumb Code    26  stm32f10x_tim.o(.text)
    TIM_ARRPreloadConfig                     0x08001abd   Thumb Code    24  stm32f10x_tim.o(.text)
    TIM_SelectCOM                            0x08001ad5   Thumb Code    24  stm32f10x_tim.o(.text)
    TIM_SelectCCDMA                          0x08001aed   Thumb Code    24  stm32f10x_tim.o(.text)
    TIM_CCPreloadControl                     0x08001b05   Thumb Code    24  stm32f10x_tim.o(.text)
    TIM_OC1PreloadConfig                     0x08001b1d   Thumb Code    18  stm32f10x_tim.o(.text)
    TIM_OC2PreloadConfig                     0x08001b2f   Thumb Code    26  stm32f10x_tim.o(.text)
    TIM_OC3PreloadConfig                     0x08001b49   Thumb Code    18  stm32f10x_tim.o(.text)
    TIM_OC4PreloadConfig                     0x08001b5b   Thumb Code    26  stm32f10x_tim.o(.text)
    TIM_OC1FastConfig                        0x08001b75   Thumb Code    18  stm32f10x_tim.o(.text)
    TIM_OC2FastConfig                        0x08001b87   Thumb Code    26  stm32f10x_tim.o(.text)
    TIM_OC3FastConfig                        0x08001ba1   Thumb Code    18  stm32f10x_tim.o(.text)
    TIM_OC4FastConfig                        0x08001bb3   Thumb Code    26  stm32f10x_tim.o(.text)
    TIM_ClearOC1Ref                          0x08001bcd   Thumb Code    18  stm32f10x_tim.o(.text)
    TIM_ClearOC2Ref                          0x08001bdf   Thumb Code    24  stm32f10x_tim.o(.text)
    TIM_ClearOC3Ref                          0x08001bf7   Thumb Code    18  stm32f10x_tim.o(.text)
    TIM_ClearOC4Ref                          0x08001c09   Thumb Code    24  stm32f10x_tim.o(.text)
    TIM_OC1PolarityConfig                    0x08001c21   Thumb Code    18  stm32f10x_tim.o(.text)
    TIM_OC1NPolarityConfig                   0x08001c33   Thumb Code    18  stm32f10x_tim.o(.text)
    TIM_OC2PolarityConfig                    0x08001c45   Thumb Code    26  stm32f10x_tim.o(.text)
    TIM_OC2NPolarityConfig                   0x08001c5f   Thumb Code    26  stm32f10x_tim.o(.text)
    TIM_OC3PolarityConfig                    0x08001c79   Thumb Code    26  stm32f10x_tim.o(.text)
    TIM_OC3NPolarityConfig                   0x08001c93   Thumb Code    26  stm32f10x_tim.o(.text)
    TIM_OC4PolarityConfig                    0x08001cad   Thumb Code    26  stm32f10x_tim.o(.text)
    TIM_CCxCmd                               0x08001cc7   Thumb Code    30  stm32f10x_tim.o(.text)
    TIM_CCxNCmd                              0x08001ce5   Thumb Code    30  stm32f10x_tim.o(.text)
    TIM_SelectOCxM                           0x08001d03   Thumb Code    82  stm32f10x_tim.o(.text)
    TIM_UpdateDisableConfig                  0x08001d55   Thumb Code    24  stm32f10x_tim.o(.text)
    TIM_UpdateRequestConfig                  0x08001d6d   Thumb Code    24  stm32f10x_tim.o(.text)
    TIM_SelectHallSensor                     0x08001d85   Thumb Code    24  stm32f10x_tim.o(.text)
    TIM_SelectOnePulseMode                   0x08001d9d   Thumb Code    18  stm32f10x_tim.o(.text)
    TIM_SelectOutputTrigger                  0x08001daf   Thumb Code    18  stm32f10x_tim.o(.text)
    TIM_SelectSlaveMode                      0x08001dc1   Thumb Code    18  stm32f10x_tim.o(.text)
    TIM_SelectMasterSlaveMode                0x08001dd3   Thumb Code    18  stm32f10x_tim.o(.text)
    TIM_SetCounter                           0x08001de5   Thumb Code     4  stm32f10x_tim.o(.text)
    TIM_SetAutoreload                        0x08001de9   Thumb Code     4  stm32f10x_tim.o(.text)
    TIM_SetCompare1                          0x08001ded   Thumb Code     4  stm32f10x_tim.o(.text)
    TIM_SetCompare2                          0x08001df1   Thumb Code     4  stm32f10x_tim.o(.text)
    TIM_SetCompare3                          0x08001df5   Thumb Code     4  stm32f10x_tim.o(.text)
    TIM_SetCompare4                          0x08001df9   Thumb Code     6  stm32f10x_tim.o(.text)
    TIM_SetClockDivision                     0x08001dff   Thumb Code    18  stm32f10x_tim.o(.text)
    TIM_GetCapture1                          0x08001e11   Thumb Code     6  stm32f10x_tim.o(.text)
    TIM_GetCapture2                          0x08001e17   Thumb Code     6  stm32f10x_tim.o(.text)
    TIM_GetCapture3                          0x08001e1d   Thumb Code     6  stm32f10x_tim.o(.text)
    TIM_GetCapture4                          0x08001e23   Thumb Code     8  stm32f10x_tim.o(.text)
    TIM_GetCounter                           0x08001e2b   Thumb Code     6  stm32f10x_tim.o(.text)
    TIM_GetPrescaler                         0x08001e31   Thumb Code     6  stm32f10x_tim.o(.text)
    TIM_GetFlagStatus                        0x08001e37   Thumb Code    18  stm32f10x_tim.o(.text)
    TIM_ClearFlag                            0x08001e49   Thumb Code     6  stm32f10x_tim.o(.text)
    TIM_GetITStatus                          0x08001e4f   Thumb Code    34  stm32f10x_tim.o(.text)
    TIM_ClearITPendingBit                    0x08001e71   Thumb Code     6  stm32f10x_tim.o(.text)
    delay_init                               0x08001e79   Thumb Code    56  delay.o(.text)
    delay_us                                 0x08001eb1   Thumb Code    72  delay.o(.text)
    delay_ms                                 0x08001ef9   Thumb Code    72  delay.o(.text)
    STM32_Flash_Capacity                     0x08001f49   Thumb Code   154  sys.o(.text)
    STM32_CPUID                              0x08001fe3   Thumb Code    20  sys.o(.text)
    MY_NVIC_SetVectorTable                   0x08001ff7   Thumb Code    14  sys.o(.text)
    MY_NVIC_PriorityGroup_Config             0x08002005   Thumb Code    12  sys.o(.text)
    MY_NVIC_Init                             0x08002011   Thumb Code    42  sys.o(.text)
    MY_RCC_DeInit                            0x0800203b   Thumb Code    90  sys.o(.text)
    SYS_Standby                              0x08002095   Thumb Code    68  sys.o(.text)
    SYS_SoftReset                            0x080020d9   Thumb Code    10  sys.o(.text)
    STM_JTAG_Set                             0x080020e3   Thumb Code    36  sys.o(.text)
    STM_Clock_Init                           0x08002107   Thumb Code   134  sys.o(.text)
    BCD_to_HEX                               0x0800218d   Thumb Code    26  sys.o(.text)
    HEX_to_BCD                               0x080021a7   Thumb Code    20  sys.o(.text)
    DX_to_HX                                 0x080021bb   Thumb Code    70  sys.o(.text)
    HX_to_DX                                 0x08002201   Thumb Code    48  sys.o(.text)
    _sys_exit                                0x08002265   Thumb Code     6  usart.o(.text)
    fputc                                    0x0800226b   Thumb Code    24  usart.o(.text)
    USARTx_Init                              0x08002283   Thumb Code   170  usart.o(.text)
    USART1_IRQHandler                        0x0800232d   Thumb Code    42  usart.o(.text)
    main                                     0x08002379   Thumb Code    76  main.o(.text)
    Ini_I2c                                  0x080023d9   Thumb Code    50  i2c.o(.text)
    NOPS                                     0x0800240b   Thumb Code    10  i2c.o(.text)
    SDA_1                                    0x08002415   Thumb Code    14  i2c.o(.text)
    SDA_0                                    0x08002423   Thumb Code    14  i2c.o(.text)
    SCL_1                                    0x08002431   Thumb Code    16  i2c.o(.text)
    SCL_0                                    0x08002441   Thumb Code    16  i2c.o(.text)
    STOP                                     0x08002451   Thumb Code    66  i2c.o(.text)
    GetACK                                   0x08002493   Thumb Code    84  i2c.o(.text)
    SendNACK                                 0x080024e7   Thumb Code    70  i2c.o(.text)
    START                                    0x0800252d   Thumb Code    64  i2c.o(.text)
    SendByte                                 0x0800256d   Thumb Code    92  i2c.o(.text)
    ReadByte                                 0x080025c9   Thumb Code    90  i2c.o(.text)
    Write_Byte                               0x08002623   Thumb Code    48  i2c.o(.text)
    SetPointer                               0x08002653   Thumb Code    46  i2c.o(.text)
    Rece_Byte                                0x08002681   Thumb Code    44  i2c.o(.text)
    AD5933_Tempter                           0x080026ad   Thumb Code    34  i2c.o(.text)
    Maopao_Paixu                             0x080026cf   Thumb Code    78  i2c.o(.text)
    Get_resistance                           0x0800271d   Thumb Code   124  i2c.o(.text)
    Fre_To_Hex                               0x08002799   Thumb Code    52  i2c.o(.text)
    Scale_imp                                0x080027cd   Thumb Code   570  i2c.o(.text)
    AD5933_Sweep                             0x08002a07   Thumb Code    86  i2c.o(.text)
    Ad5933_SetInit                           0x08002a5d   Thumb Code     2  i2c.o(.text)
    AD5933_GET                               0x08002a5f   Thumb Code    36  i2c.o(.text)
    DA5933_Get_Rs                            0x08002a83   Thumb Code   128  i2c.o(.text)
    DA5933_Dat_Cap                           0x08002b03   Thumb Code    58  i2c.o(.text)
    DA5933_Get_Cap                           0x08002b3d   Thumb Code   138  i2c.o(.text)
    DA5933_Get_L                             0x08002bc7   Thumb Code   200  i2c.o(.text)
    Key_GPIO_Config                          0x08002c99   Thumb Code    50  adg1608.o(.text)
    GPIOStart1                               0x08002ccb   Thumb Code    12  adg1608.o(.text)
    GPIOStart2                               0x08002cd7   Thumb Code    14  adg1608.o(.text)
    U1Select                                 0x08002ce5   Thumb Code   144  adg1608.o(.text)
    U2Select                                 0x08002d75   Thumb Code   144  adg1608.o(.text)
    ModelSelect                              0x08002e05   Thumb Code   450  adg1608.o(.text)
    __use_no_semihosting                     0x08002fcd   Thumb Code     2  use_no_semi_2.o(.text)
    __2printf                                0x08002fd1   Thumb Code    20  noretval__2printf.o(.text)
    __2sprintf                               0x08002fe9   Thumb Code    34  noretval__2sprintf.o(.text)
    _printf_pre_padding                      0x08003011   Thumb Code    44  _printf_pad.o(.text)
    _printf_post_padding                     0x0800303d   Thumb Code    34  _printf_pad.o(.text)
    _printf_str                              0x0800305f   Thumb Code    82  _printf_str.o(.text)
    _printf_int_hex                          0x080030b1   Thumb Code    84  _printf_hex_int.o(.text)
    _printf_longlong_hex                     0x080030b1   Thumb Code     0  _printf_hex_int.o(.text)
    __printf                                 0x08003109   Thumb Code   308  __printf_flags_wp.o(.text)
    __use_two_region_memory                  0x08003241   Thumb Code     2  heapauxi.o(.text)
    __rt_heap_escrow$2region                 0x08003243   Thumb Code     2  heapauxi.o(.text)
    __rt_heap_expand$2region                 0x08003245   Thumb Code     2  heapauxi.o(.text)
    __I$use$semihosting                      0x08003247   Thumb Code     0  use_no_semi.o(.text)
    __use_no_semihosting_swi                 0x08003247   Thumb Code     2  use_no_semi.o(.text)
    __read_errno                             0x08003249   Thumb Code    10  _rserrno.o(.text)
    __set_errno                              0x08003253   Thumb Code    12  _rserrno.o(.text)
    _printf_int_common                       0x0800325f   Thumb Code   178  _printf_intcommon.o(.text)
    __lib_sel_fp_printf                      0x08003311   Thumb Code     2  _printf_fp_dec.o(.text)
    _printf_fp_dec_real                      0x080034bf   Thumb Code   620  _printf_fp_dec.o(.text)
    _printf_char_common                      0x08003737   Thumb Code    32  _printf_char_common.o(.text)
    _sputc                                   0x0800375d   Thumb Code    10  _sputc.o(.text)
    _printf_cs_common                        0x08003767   Thumb Code    20  _printf_char.o(.text)
    _printf_char                             0x0800377b   Thumb Code    16  _printf_char.o(.text)
    _printf_string                           0x0800378b   Thumb Code     8  _printf_char.o(.text)
    _printf_char_file                        0x08003795   Thumb Code    32  _printf_char_file.o(.text)
    __rt_locale                              0x080037b9   Thumb Code     8  rt_locale_intlibspace.o(.text)
    __aeabi_errno_addr                       0x080037c1   Thumb Code     8  rt_errno_addr_intlibspace.o(.text)
    __errno$intlibspace                      0x080037c1   Thumb Code     0  rt_errno_addr_intlibspace.o(.text)
    __rt_errno_addr$intlibspace              0x080037c1   Thumb Code     0  rt_errno_addr_intlibspace.o(.text)
    _ll_udiv10                               0x080037c9   Thumb Code   138  lludiv10.o(.text)
    _printf_fp_infnan                        0x08003855   Thumb Code   112  _printf_fp_infnan.o(.text)
    _btod_etento                             0x080038d5   Thumb Code   216  bigflt0.o(.text)
    ferror                                   0x080039b1   Thumb Code     8  ferror.o(.text)
    __user_libspace                          0x080039b9   Thumb Code     8  libspace.o(.text)
    __user_perproc_libspace                  0x080039b9   Thumb Code     0  libspace.o(.text)
    __user_perthread_libspace                0x080039b9   Thumb Code     0  libspace.o(.text)
    __user_setup_stackheap                   0x080039c1   Thumb Code    74  sys_stackheap_outer.o(.text)
    exit                                     0x08003a0b   Thumb Code    18  exit.o(.text)
    strcmp                                   0x08003a1d   Thumb Code   128  strcmpv7m.o(.text)
    _btod_d2e                                0x08003a9d   Thumb Code    62  btod.o(CL$$btod_d2e)
    _d2e_denorm_low                          0x08003adb   Thumb Code    70  btod.o(CL$$btod_d2e_denorm_low)
    _d2e_norm_op1                            0x08003b21   Thumb Code    96  btod.o(CL$$btod_d2e_norm_op1)
    __btod_div_common                        0x08003b81   Thumb Code   696  btod.o(CL$$btod_div_common)
    _e2e                                     0x08003eb9   Thumb Code   198  btod.o(CL$$btod_e2e)
    _btod_ediv                               0x08003f7f   Thumb Code    40  btod.o(CL$$btod_ediv)
    _btod_emul                               0x08003fa7   Thumb Code    40  btod.o(CL$$btod_emul)
    __btod_mult_common                       0x08003fcf   Thumb Code   580  btod.o(CL$$btod_mult_common)
    __ARM_fpclassify                         0x08004213   Thumb Code    40  fpclassify.o(i.__ARM_fpclassify)
    __ieee754_rem_pio2                       0x0800423d   Thumb Code   828  rred.o(i.__ieee754_rem_pio2)
    __kernel_cos                             0x080045c5   Thumb Code   230  cos_i.o(i.__kernel_cos)
    __kernel_poly                            0x080046c1   Thumb Code   170  poly.o(i.__kernel_poly)
    __kernel_sin                             0x0800476d   Thumb Code   224  sin_i.o(i.__kernel_sin)
    __mathlib_dbl_infnan                     0x08004859   Thumb Code     6  dunder.o(i.__mathlib_dbl_infnan)
    __mathlib_dbl_infnan2                    0x0800485f   Thumb Code     4  dunder.o(i.__mathlib_dbl_infnan2)
    __mathlib_dbl_invalid                    0x08004863   Thumb Code    12  dunder.o(i.__mathlib_dbl_invalid)
    __mathlib_dbl_underflow                  0x08004871   Thumb Code    10  dunder.o(i.__mathlib_dbl_underflow)
    _is_digit                                0x08004881   Thumb Code    14  __printf_wp.o(i._is_digit)
    atan                                     0x08004891   Thumb Code   474  atan.o(i.atan)
    atan2                                    0x08004ab1   Thumb Code   346  atan2.o(i.atan2)
    cos                                      0x08004c31   Thumb Code   148  cos.o(i.cos)
    sin                                      0x08004ccd   Thumb Code   150  sin.o(i.sin)
    sqrt                                     0x08004d6d   Thumb Code    76  sqrt.o(i.sqrt)
    _get_lc_numeric                          0x08004db9   Thumb Code    44  lc_numeric_c.o(locale$$code)
    __aeabi_d2f                              0x08004de5   Thumb Code     0  d2f.o(x$fpl$d2f)
    _d2f                                     0x08004de5   Thumb Code    98  d2f.o(x$fpl$d2f)
    __aeabi_dadd                             0x08004e49   Thumb Code     0  daddsub_clz.o(x$fpl$dadd)
    _dadd                                    0x08004e49   Thumb Code   332  daddsub_clz.o(x$fpl$dadd)
    __fpl_dcheck_NaN1                        0x08004f99   Thumb Code    10  dcheck1.o(x$fpl$dcheck1)
    __aeabi_ddiv                             0x08004fa9   Thumb Code     0  ddiv.o(x$fpl$ddiv)
    _ddiv                                    0x08004fa9   Thumb Code   552  ddiv.o(x$fpl$ddiv)
    __aeabi_d2iz                             0x08005259   Thumb Code     0  dfix.o(x$fpl$dfix)
    _dfix                                    0x08005259   Thumb Code    94  dfix.o(x$fpl$dfix)
    __aeabi_d2uiz                            0x080052b9   Thumb Code     0  dfixu.o(x$fpl$dfixu)
    _dfixu                                   0x080052b9   Thumb Code    90  dfixu.o(x$fpl$dfixu)
    __aeabi_i2d                              0x08005313   Thumb Code     0  dflt_clz.o(x$fpl$dflt)
    _dflt                                    0x08005313   Thumb Code    46  dflt_clz.o(x$fpl$dflt)
    __aeabi_ui2d                             0x08005341   Thumb Code     0  dflt_clz.o(x$fpl$dfltu)
    _dfltu                                   0x08005341   Thumb Code    38  dflt_clz.o(x$fpl$dfltu)
    __aeabi_dmul                             0x08005369   Thumb Code     0  dmul.o(x$fpl$dmul)
    _dmul                                    0x08005369   Thumb Code   332  dmul.o(x$fpl$dmul)
    __fpl_dnaninf                            0x080054bd   Thumb Code   156  dnaninf.o(x$fpl$dnaninf)
    __fpl_dretinf                            0x08005559   Thumb Code    12  dretinf.o(x$fpl$dretinf)
    __aeabi_drsub                            0x08005565   Thumb Code     0  daddsub_clz.o(x$fpl$drsb)
    _drsb                                    0x08005565   Thumb Code    22  daddsub_clz.o(x$fpl$drsb)
    _dsqrt                                   0x0800557d   Thumb Code   456  dsqrt_noumaal.o(x$fpl$dsqrt)
    __aeabi_dsub                             0x08005749   Thumb Code     0  daddsub_clz.o(x$fpl$dsub)
    _dsub                                    0x08005749   Thumb Code   464  daddsub_clz.o(x$fpl$dsub)
    __aeabi_f2d                              0x0800591d   Thumb Code     0  f2d.o(x$fpl$f2d)
    _f2d                                     0x0800591d   Thumb Code    86  f2d.o(x$fpl$f2d)
    __aeabi_fadd                             0x08005975   Thumb Code     0  faddsub_clz.o(x$fpl$fadd)
    _fadd                                    0x08005975   Thumb Code   196  faddsub_clz.o(x$fpl$fadd)
    __fpl_fcmp_Inf                           0x08005a39   Thumb Code    24  fcmpi.o(x$fpl$fcmpinf)
    __aeabi_fdiv                             0x08005a51   Thumb Code     0  fdiv.o(x$fpl$fdiv)
    _fdiv                                    0x08005a51   Thumb Code   384  fdiv.o(x$fpl$fdiv)
    __aeabi_i2f                              0x08005bd5   Thumb Code     0  fflt_clz.o(x$fpl$fflt)
    _fflt                                    0x08005bd5   Thumb Code    48  fflt_clz.o(x$fpl$fflt)
    __aeabi_ui2f                             0x08005c05   Thumb Code     0  fflt_clz.o(x$fpl$ffltu)
    _ffltu                                   0x08005c05   Thumb Code    38  fflt_clz.o(x$fpl$ffltu)
    __aeabi_cfcmple                          0x08005c2d   Thumb Code     0  fleqf.o(x$fpl$fleqf)
    _fcmple                                  0x08005c2d   Thumb Code   104  fleqf.o(x$fpl$fleqf)
    __fpl_fcmple_InfNaN                      0x08005c7f   Thumb Code     0  fleqf.o(x$fpl$fleqf)
    __aeabi_fmul                             0x08005c95   Thumb Code     0  fmul.o(x$fpl$fmul)
    _fmul                                    0x08005c95   Thumb Code   258  fmul.o(x$fpl$fmul)
    __fpl_fnaninf                            0x08005d97   Thumb Code   140  fnaninf.o(x$fpl$fnaninf)
    __fpl_fretinf                            0x08005e23   Thumb Code    10  fretinf.o(x$fpl$fretinf)
    __aeabi_cfrcmple                         0x08005e2d   Thumb Code     0  frleqf.o(x$fpl$frleqf)
    _frcmple                                 0x08005e2d   Thumb Code    98  frleqf.o(x$fpl$frleqf)
    __aeabi_fsub                             0x08005e91   Thumb Code     0  faddsub_clz.o(x$fpl$fsub)
    _fsub                                    0x08005e91   Thumb Code   234  faddsub_clz.o(x$fpl$fsub)
    _printf_fp_dec                           0x08005f7b   Thumb Code     4  printf1.o(x$fpl$printf1)
    __fpl_return_NaN                         0x08005f7f   Thumb Code   100  retnan.o(x$fpl$retnan)
    __ARM_scalbn                             0x08005fe3   Thumb Code    92  scalbn.o(x$fpl$scalbn)
    __fpl_cmpreturn                          0x0800603f   Thumb Code    48  trapv.o(x$fpl$trapveneer)
    __I$use$fp                               0x0800606e   Number         0  usenofp.o(x$fpl$usenofp)
    __mathlib_zero                           0x08006170   Data           8  qnan.o(.constdata)
    Region$$Table$$Base                      0x080062fc   Number         0  anon$$obj.o(Region$$Table)
    Region$$Table$$Limit                     0x0800631c   Number         0  anon$$obj.o(Region$$Table)
    sysbufer                                 0x20000000   Data           2  stm32f10x_it.o(.data)
    SysTimer                                 0x20000004   Data           4  stm32f10x_it.o(.data)
    SystemCoreClock                          0x20000008   Data           4  system_stm32f10x.o(.data)
    AHBPrescTable                            0x2000000c   Data          16  system_stm32f10x.o(.data)
    __stdout                                 0x20000034   Data           4  usart.o(.data)
    USART_RX_STA                             0x20000038   Data           2  usart.o(.data)
    AD5933_INIT_Model                        0x2000003c   Data           1  i2c.o(.data)
    ModelID                                  0x2000003d   Data           1  i2c.o(.data)
    temdate                                  0x20000040   Data           4  i2c.o(.data)
    KEY_Sys_Timer                            0x20000044   Data           4  key.o(.data)
    Keycode                                  0x20000048   Data           4  key.o(.data)
    SystemTime                               0x2000004c   Data           4  key.o(.data)
    KEY_Time                                 0x20000050   Data           4  key.o(.data)
    key_Trgtime                              0x20000054   Data           4  key.o(.data)
    KEY_Trg                                  0x20000058   Data           4  key.o(.data)
    KEY_Cont                                 0x2000005c   Data           4  key.o(.data)
    Trg_state                                0x20000060   Data           4  key.o(.data)
    resistance                               0x20000064   Data         800  i2c.o(.bss)
    rads                                     0x20000384   Data         800  i2c.o(.bss)
    AD5933_Dat_Re                            0x200006a4   Data         800  i2c.o(.bss)
    AD5933_Dat_Im                            0x200009c4   Data         800  i2c.o(.bss)
    __libspace_start                         0x20000ce4   Data          96  libspace.o(.bss)
    __temporary_stack_top$libspace           0x20000d44   Data           0  libspace.o(.bss)



==============================================================================

Memory Map of the image

  Image Entry point : 0x080000ed

  Load Region LR_IROM1 (Base: 0x08000000, Size: 0x0000639c, Max: 0x00080000, ABSOLUTE)

    Execution Region ER_IROM1 (Base: 0x08000000, Size: 0x00006338, Max: 0x00080000, ABSOLUTE)

    Base Addr    Size         Type   Attr      Idx    E Section Name        Object

    0x08000000   0x000000ec   Data   RO          149    RESET               startup_stm32f10x_md.o
    0x080000ec   0x00000008   Code   RO          721  * !!!main             c_w.l(__main.o)
    0x080000f4   0x00000034   Code   RO         1097    !!!scatter          c_w.l(__scatter.o)
    0x08000128   0x0000001a   Code   RO         1099    !!handler_copy      c_w.l(__scatter_copy.o)
    0x08000142   0x00000002   PAD
    0x08000144   0x0000001c   Code   RO         1101    !!handler_zi        c_w.l(__scatter_zi.o)
    0x08000160   0x00000000   Code   RO          718    .ARM.Collect$$_printf_percent$$00000000  c_w.l(_printf_percent.o)
    0x08000160   0x00000006   Code   RO          717    .ARM.Collect$$_printf_percent$$00000003  c_w.l(_printf_f.o)
    0x08000166   0x00000006   Code   RO          716    .ARM.Collect$$_printf_percent$$0000000C  c_w.l(_printf_x.o)
    0x0800016c   0x00000006   Code   RO          714    .ARM.Collect$$_printf_percent$$00000013  c_w.l(_printf_c.o)
    0x08000172   0x00000006   Code   RO          715    .ARM.Collect$$_printf_percent$$00000014  c_w.l(_printf_s.o)
    0x08000178   0x00000004   Code   RO          820    .ARM.Collect$$_printf_percent$$00000017  c_w.l(_printf_percent_end.o)
    0x0800017c   0x00000002   Code   RO          968    .ARM.Collect$$libinit$$00000000  c_w.l(libinit.o)
    0x0800017e   0x00000000   Code   RO          970    .ARM.Collect$$libinit$$00000002  c_w.l(libinit2.o)
    0x0800017e   0x00000000   Code   RO          972    .ARM.Collect$$libinit$$00000004  c_w.l(libinit2.o)
    0x0800017e   0x00000000   Code   RO          975    .ARM.Collect$$libinit$$0000000A  c_w.l(libinit2.o)
    0x0800017e   0x00000000   Code   RO          977    .ARM.Collect$$libinit$$0000000C  c_w.l(libinit2.o)
    0x0800017e   0x00000000   Code   RO          979    .ARM.Collect$$libinit$$0000000E  c_w.l(libinit2.o)
    0x0800017e   0x00000006   Code   RO          980    .ARM.Collect$$libinit$$0000000F  c_w.l(libinit2.o)
    0x08000184   0x00000000   Code   RO          982    .ARM.Collect$$libinit$$00000011  c_w.l(libinit2.o)
    0x08000184   0x00000000   Code   RO          984    .ARM.Collect$$libinit$$00000013  c_w.l(libinit2.o)
    0x08000184   0x00000000   Code   RO          986    .ARM.Collect$$libinit$$00000015  c_w.l(libinit2.o)
    0x08000184   0x0000000a   Code   RO          987    .ARM.Collect$$libinit$$00000016  c_w.l(libinit2.o)
    0x0800018e   0x00000000   Code   RO          988    .ARM.Collect$$libinit$$00000017  c_w.l(libinit2.o)
    0x0800018e   0x00000000   Code   RO          990    .ARM.Collect$$libinit$$00000019  c_w.l(libinit2.o)
    0x0800018e   0x00000000   Code   RO          992    .ARM.Collect$$libinit$$0000001B  c_w.l(libinit2.o)
    0x0800018e   0x00000000   Code   RO          994    .ARM.Collect$$libinit$$0000001D  c_w.l(libinit2.o)
    0x0800018e   0x00000000   Code   RO          996    .ARM.Collect$$libinit$$0000001F  c_w.l(libinit2.o)
    0x0800018e   0x00000000   Code   RO          998    .ARM.Collect$$libinit$$00000021  c_w.l(libinit2.o)
    0x0800018e   0x00000000   Code   RO         1000    .ARM.Collect$$libinit$$00000023  c_w.l(libinit2.o)
    0x0800018e   0x00000000   Code   RO         1002    .ARM.Collect$$libinit$$00000025  c_w.l(libinit2.o)
    0x0800018e   0x00000000   Code   RO         1006    .ARM.Collect$$libinit$$0000002C  c_w.l(libinit2.o)
    0x0800018e   0x00000000   Code   RO         1008    .ARM.Collect$$libinit$$0000002E  c_w.l(libinit2.o)
    0x0800018e   0x00000000   Code   RO         1010    .ARM.Collect$$libinit$$00000030  c_w.l(libinit2.o)
    0x0800018e   0x00000000   Code   RO         1012    .ARM.Collect$$libinit$$00000032  c_w.l(libinit2.o)
    0x0800018e   0x00000002   Code   RO         1013    .ARM.Collect$$libinit$$00000033  c_w.l(libinit2.o)
    0x08000190   0x00000002   Code   RO         1047    .ARM.Collect$$libshutdown$$00000000  c_w.l(libshutdown.o)
    0x08000192   0x00000000   Code   RO         1056    .ARM.Collect$$libshutdown$$00000002  c_w.l(libshutdown2.o)
    0x08000192   0x00000000   Code   RO         1058    .ARM.Collect$$libshutdown$$00000004  c_w.l(libshutdown2.o)
    0x08000192   0x00000000   Code   RO         1061    .ARM.Collect$$libshutdown$$00000007  c_w.l(libshutdown2.o)
    0x08000192   0x00000000   Code   RO         1064    .ARM.Collect$$libshutdown$$0000000A  c_w.l(libshutdown2.o)
    0x08000192   0x00000000   Code   RO         1066    .ARM.Collect$$libshutdown$$0000000C  c_w.l(libshutdown2.o)
    0x08000192   0x00000000   Code   RO         1069    .ARM.Collect$$libshutdown$$0000000F  c_w.l(libshutdown2.o)
    0x08000192   0x00000002   Code   RO         1070    .ARM.Collect$$libshutdown$$00000010  c_w.l(libshutdown2.o)
    0x08000194   0x00000000   Code   RO          805    .ARM.Collect$$rtentry$$00000000  c_w.l(__rtentry.o)
    0x08000194   0x00000000   Code   RO          876    .ARM.Collect$$rtentry$$00000002  c_w.l(__rtentry2.o)
    0x08000194   0x00000006   Code   RO          888    .ARM.Collect$$rtentry$$00000004  c_w.l(__rtentry4.o)
    0x0800019a   0x00000000   Code   RO          878    .ARM.Collect$$rtentry$$00000009  c_w.l(__rtentry2.o)
    0x0800019a   0x00000004   Code   RO          879    .ARM.Collect$$rtentry$$0000000A  c_w.l(__rtentry2.o)
    0x0800019e   0x00000000   Code   RO          881    .ARM.Collect$$rtentry$$0000000C  c_w.l(__rtentry2.o)
    0x0800019e   0x00000008   Code   RO          882    .ARM.Collect$$rtentry$$0000000D  c_w.l(__rtentry2.o)
    0x080001a6   0x00000002   Code   RO         1016    .ARM.Collect$$rtexit$$00000000  c_w.l(rtexit.o)
    0x080001a8   0x00000000   Code   RO         1025    .ARM.Collect$$rtexit$$00000002  c_w.l(rtexit2.o)
    0x080001a8   0x00000004   Code   RO         1026    .ARM.Collect$$rtexit$$00000003  c_w.l(rtexit2.o)
    0x080001ac   0x00000006   Code   RO         1027    .ARM.Collect$$rtexit$$00000004  c_w.l(rtexit2.o)
    0x080001b2   0x00000002   PAD
    0x080001b4   0x00000002   Code   RO          455    .emb_text           sys.o
    0x080001b6   0x00000002   PAD
    0x080001b8   0x000000a0   Code   RO           17    .text               stm32f10x_it.o
    0x08000258   0x000001e0   Code   RO          129    .text               system_stm32f10x.o
    0x08000438   0x00000040   Code   RO          150    .text               startup_stm32f10x_md.o
    0x08000478   0x000000dc   Code   RO          154    .text               misc.o
    0x08000554   0x0000035c   Code   RO          193    .text               stm32f10x_gpio.o
    0x080008b0   0x000003a4   Code   RO          205    .text               stm32f10x_rcc.o
    0x08000c54   0x00000408   Code   RO          219    .text               stm32f10x_usart.o
    0x0800105c   0x00000e1a   Code   RO          417    .text               stm32f10x_tim.o
    0x08001e76   0x00000002   PAD
    0x08001e78   0x000000d0   Code   RO          441    .text               delay.o
    0x08001f48   0x0000031c   Code   RO          456    .text               sys.o
    0x08002264   0x00000114   Code   RO          471    .text               usart.o
    0x08002378   0x00000060   Code   RO          497    .text               main.o
    0x080023d8   0x000008c0   Code   RO          583    .text               i2c.o
    0x08002c98   0x00000334   Code   RO          624    .text               adg1608.o
    0x08002fcc   0x00000002   Code   RO          657    .text               c_w.l(use_no_semi_2.o)
    0x08002fce   0x00000002   PAD
    0x08002fd0   0x00000018   Code   RO          663    .text               c_w.l(noretval__2printf.o)
    0x08002fe8   0x00000028   Code   RO          665    .text               c_w.l(noretval__2sprintf.o)
    0x08003010   0x0000004e   Code   RO          669    .text               c_w.l(_printf_pad.o)
    0x0800305e   0x00000052   Code   RO          671    .text               c_w.l(_printf_str.o)
    0x080030b0   0x00000058   Code   RO          676    .text               c_w.l(_printf_hex_int.o)
    0x08003108   0x00000138   Code   RO          706    .text               c_w.l(__printf_flags_wp.o)
    0x08003240   0x00000006   Code   RO          719    .text               c_w.l(heapauxi.o)
    0x08003246   0x00000002   Code   RO          803    .text               c_w.l(use_no_semi.o)
    0x08003248   0x00000016   Code   RO          806    .text               c_w.l(_rserrno.o)
    0x0800325e   0x000000b2   Code   RO          808    .text               c_w.l(_printf_intcommon.o)
    0x08003310   0x0000041a   Code   RO          810    .text               c_w.l(_printf_fp_dec.o)
    0x0800372a   0x00000002   PAD
    0x0800372c   0x00000030   Code   RO          812    .text               c_w.l(_printf_char_common.o)
    0x0800375c   0x0000000a   Code   RO          814    .text               c_w.l(_sputc.o)
    0x08003766   0x0000002c   Code   RO          816    .text               c_w.l(_printf_char.o)
    0x08003792   0x00000002   PAD
    0x08003794   0x00000024   Code   RO          818    .text               c_w.l(_printf_char_file.o)
    0x080037b8   0x00000008   Code   RO          893    .text               c_w.l(rt_locale_intlibspace.o)
    0x080037c0   0x00000008   Code   RO          898    .text               c_w.l(rt_errno_addr_intlibspace.o)
    0x080037c8   0x0000008a   Code   RO          900    .text               c_w.l(lludiv10.o)
    0x08003852   0x00000002   PAD
    0x08003854   0x00000080   Code   RO          902    .text               c_w.l(_printf_fp_infnan.o)
    0x080038d4   0x000000dc   Code   RO          906    .text               c_w.l(bigflt0.o)
    0x080039b0   0x00000008   Code   RO          931    .text               c_w.l(ferror.o)
    0x080039b8   0x00000008   Code   RO          954    .text               c_w.l(libspace.o)
    0x080039c0   0x0000004a   Code   RO          957    .text               c_w.l(sys_stackheap_outer.o)
    0x08003a0a   0x00000012   Code   RO          959    .text               c_w.l(exit.o)
    0x08003a1c   0x00000080   Code   RO          961    .text               c_w.l(strcmpv7m.o)
    0x08003a9c   0x0000003e   Code   RO          909    CL$$btod_d2e        c_w.l(btod.o)
    0x08003ada   0x00000046   Code   RO          911    CL$$btod_d2e_denorm_low  c_w.l(btod.o)
    0x08003b20   0x00000060   Code   RO          910    CL$$btod_d2e_norm_op1  c_w.l(btod.o)
    0x08003b80   0x00000338   Code   RO          919    CL$$btod_div_common  c_w.l(btod.o)
    0x08003eb8   0x000000c6   Code   RO          916    CL$$btod_e2e        c_w.l(btod.o)
    0x08003f7e   0x00000028   Code   RO          913    CL$$btod_ediv       c_w.l(btod.o)
    0x08003fa6   0x00000028   Code   RO          912    CL$$btod_emul       c_w.l(btod.o)
    0x08003fce   0x00000244   Code   RO          918    CL$$btod_mult_common  c_w.l(btod.o)
    0x08004212   0x00000028   Code   RO          950    i.__ARM_fpclassify  m_ws.l(fpclassify.o)
    0x0800423a   0x00000002   PAD
    0x0800423c   0x00000388   Code   RO          864    i.__ieee754_rem_pio2  m_ws.l(rred.o)
    0x080045c4   0x000000fc   Code   RO          846    i.__kernel_cos      m_ws.l(cos_i.o)
    0x080046c0   0x000000aa   Code   RO          952    i.__kernel_poly     m_ws.l(poly.o)
    0x0800476a   0x00000002   PAD
    0x0800476c   0x000000ec   Code   RO          869    i.__kernel_sin      m_ws.l(sin_i.o)
    0x08004858   0x00000006   Code   RO          850    i.__mathlib_dbl_infnan  m_ws.l(dunder.o)
    0x0800485e   0x00000004   Code   RO          851    i.__mathlib_dbl_infnan2  m_ws.l(dunder.o)
    0x08004862   0x0000000c   Code   RO          852    i.__mathlib_dbl_invalid  m_ws.l(dunder.o)
    0x0800486e   0x00000002   PAD
    0x08004870   0x00000010   Code   RO          855    i.__mathlib_dbl_underflow  m_ws.l(dunder.o)
    0x08004880   0x0000000e   Code   RO          704    i._is_digit         c_w.l(__printf_wp.o)
    0x0800488e   0x00000002   PAD
    0x08004890   0x00000220   Code   RO          837    i.atan              m_ws.l(atan.o)
    0x08004ab0   0x00000180   Code   RO          772    i.atan2             m_ws.l(atan2.o)
    0x08004c30   0x0000009c   Code   RO          780    i.cos               m_ws.l(cos.o)
    0x08004ccc   0x000000a0   Code   RO          788    i.sin               m_ws.l(sin.o)
    0x08004d6c   0x0000004c   Code   RO          796    i.sqrt              m_ws.l(sqrt.o)
    0x08004db8   0x0000002c   Code   RO          936    locale$$code        c_w.l(lc_numeric_c.o)
    0x08004de4   0x00000062   Code   RO          723    x$fpl$d2f           fz_ws.l(d2f.o)
    0x08004e46   0x00000002   PAD
    0x08004e48   0x00000150   Code   RO          725    x$fpl$dadd          fz_ws.l(daddsub_clz.o)
    0x08004f98   0x00000010   Code   RO         1014    x$fpl$dcheck1       fz_ws.l(dcheck1.o)
    0x08004fa8   0x000002b0   Code   RO          732    x$fpl$ddiv          fz_ws.l(ddiv.o)
    0x08005258   0x0000005e   Code   RO          940    x$fpl$dfix          fz_ws.l(dfix.o)
    0x080052b6   0x00000002   PAD
    0x080052b8   0x0000005a   Code   RO          735    x$fpl$dfixu         fz_ws.l(dfixu.o)
    0x08005312   0x0000002e   Code   RO          740    x$fpl$dflt          fz_ws.l(dflt_clz.o)
    0x08005340   0x00000026   Code   RO          739    x$fpl$dfltu         fz_ws.l(dflt_clz.o)
    0x08005366   0x00000002   PAD
    0x08005368   0x00000154   Code   RO          745    x$fpl$dmul          fz_ws.l(dmul.o)
    0x080054bc   0x0000009c   Code   RO          823    x$fpl$dnaninf       fz_ws.l(dnaninf.o)
    0x08005558   0x0000000c   Code   RO          825    x$fpl$dretinf       fz_ws.l(dretinf.o)
    0x08005564   0x00000016   Code   RO          726    x$fpl$drsb          fz_ws.l(daddsub_clz.o)
    0x0800557a   0x00000002   PAD
    0x0800557c   0x000001cc   Code   RO          827    x$fpl$dsqrt         fz_ws.l(dsqrt_noumaal.o)
    0x08005748   0x000001d4   Code   RO          727    x$fpl$dsub          fz_ws.l(daddsub_clz.o)
    0x0800591c   0x00000056   Code   RO          747    x$fpl$f2d           fz_ws.l(f2d.o)
    0x08005972   0x00000002   PAD
    0x08005974   0x000000c4   Code   RO          749    x$fpl$fadd          fz_ws.l(faddsub_clz.o)
    0x08005a38   0x00000018   Code   RO          944    x$fpl$fcmpinf       fz_ws.l(fcmpi.o)
    0x08005a50   0x00000184   Code   RO          756    x$fpl$fdiv          fz_ws.l(fdiv.o)
    0x08005bd4   0x00000030   Code   RO          760    x$fpl$fflt          fz_ws.l(fflt_clz.o)
    0x08005c04   0x00000026   Code   RO          759    x$fpl$ffltu         fz_ws.l(fflt_clz.o)
    0x08005c2a   0x00000002   PAD
    0x08005c2c   0x00000068   Code   RO          829    x$fpl$fleqf         fz_ws.l(fleqf.o)
    0x08005c94   0x00000102   Code   RO          765    x$fpl$fmul          fz_ws.l(fmul.o)
    0x08005d96   0x0000008c   Code   RO          831    x$fpl$fnaninf       fz_ws.l(fnaninf.o)
    0x08005e22   0x0000000a   Code   RO          833    x$fpl$fretinf       fz_ws.l(fretinf.o)
    0x08005e2c   0x00000062   Code   RO          767    x$fpl$frleqf        fz_ws.l(frleqf.o)
    0x08005e8e   0x00000002   PAD
    0x08005e90   0x000000ea   Code   RO          751    x$fpl$fsub          fz_ws.l(faddsub_clz.o)
    0x08005f7a   0x00000004   Code   RO          769    x$fpl$printf1       fz_ws.l(printf1.o)
    0x08005f7e   0x00000064   Code   RO         1022    x$fpl$retnan        fz_ws.l(retnan.o)
    0x08005fe2   0x0000005c   Code   RO          948    x$fpl$scalbn        fz_ws.l(scalbn.o)
    0x0800603e   0x00000030   Code   RO         1035    x$fpl$trapveneer    fz_ws.l(trapv.o)
    0x0800606e   0x00000000   Code   RO          835    x$fpl$usenofp       fz_ws.l(usenofp.o)
    0x0800606e   0x00000028   Data   RO          677    .constdata          c_w.l(_printf_hex_int.o)
    0x08006096   0x00000011   Data   RO          707    .constdata          c_w.l(__printf_flags_wp.o)
    0x080060a7   0x00000001   PAD
    0x080060a8   0x00000098   Data   RO          838    .constdata          m_ws.l(atan.o)
    0x08006140   0x00000030   Data   RO          847    .constdata          m_ws.l(cos_i.o)
    0x08006170   0x00000008   Data   RO          863    .constdata          m_ws.l(qnan.o)
    0x08006178   0x000000c8   Data   RO          866    .constdata          m_ws.l(rred.o)
    0x08006240   0x00000028   Data   RO          870    .constdata          m_ws.l(sin_i.o)
    0x08006268   0x00000094   Data   RO          907    .constdata          c_w.l(bigflt0.o)
    0x080062fc   0x00000020   Data   RO         1095    Region$$Table       anon$$obj.o
    0x0800631c   0x0000001c   Data   RO          935    locale$$data        c_w.l(lc_numeric_c.o)


    Execution Region RW_IRAM1 (Base: 0x20000000, Size: 0x00001348, Max: 0x00010000, ABSOLUTE)

    Base Addr    Size         Type   Attr      Idx    E Section Name        Object

    0x20000000   0x00000008   Data   RW           18    .data               stm32f10x_it.o
    0x20000008   0x00000014   Data   RW          130    .data               system_stm32f10x.o
    0x2000001c   0x00000014   Data   RW          206    .data               stm32f10x_rcc.o
    0x20000030   0x00000004   Data   RW          442    .data               delay.o
    0x20000034   0x00000006   Data   RW          473    .data               usart.o
    0x2000003a   0x00000002   PAD
    0x2000003c   0x00000008   Data   RW          585    .data               i2c.o
    0x20000044   0x00000020   Data   RW          603    .data               key.o
    0x20000064   0x00000c80   Zero   RW          584    .bss                i2c.o
    0x20000ce4   0x00000060   Zero   RW          955    .bss                c_w.l(libspace.o)
    0x20000d44   0x00000004   PAD
    0x20000d48   0x00000200   Zero   RW          148    HEAP                startup_stm32f10x_md.o
    0x20000f48   0x00000400   Zero   RW          147    STACK               startup_stm32f10x_md.o


==============================================================================

Image component sizes


      Code (inc. data)   RO Data    RW Data    ZI Data      Debug   Object Name

       820         56          0          0          0     205026   adg1608.o
         0          0          0          0          0       4580   core_cm3.o
       208          8          0          4          0       1015   delay.o
      2240        118          0          8       3200       7548   i2c.o
         0          0          0         32          0        475   key.o
        96         20          0          0          0        419   main.o
       220         22          0          0          0       1769   misc.o
        64         26        236          0       1536        812   startup_stm32f10x_md.o
       860         38          0          0          0       5697   stm32f10x_gpio.o
       160         54          0          8          0     249906   stm32f10x_it.o
       932         36          0         20          0       8856   stm32f10x_rcc.o
      3610         88          0          0          0      22808   stm32f10x_tim.o
      1032         22          0          0          0       8424   stm32f10x_usart.o
       798         52          0          0          0       3696   sys.o
       480         38          0         20          0       1767   system_stm32f10x.o
       276         34          0          6          0       3048   usart.o

    ----------------------------------------------------------------------
     11800        612        268        100       4736     525846   Object Totals
         0          0         32          0          0          0   (incl. Generated)
         4          0          0          2          0          0   (incl. Padding)

    ----------------------------------------------------------------------

      Code (inc. data)   RO Data    RW Data    ZI Data      Debug   Library Member Name

         8          0          0          0          0         68   __main.o
       312          4         17          0          0         92   __printf_flags_wp.o
        14          0          0          0          0         68   __printf_wp.o
         0          0          0          0          0          0   __rtentry.o
        12          0          0          0          0          0   __rtentry2.o
         6          0          0          0          0          0   __rtentry4.o
        52          8          0          0          0          0   __scatter.o
        26          0          0          0          0          0   __scatter_copy.o
        28          0          0          0          0          0   __scatter_zi.o
         6          0          0          0          0          0   _printf_c.o
        44          0          0          0          0        108   _printf_char.o
        48          6          0          0          0         96   _printf_char_common.o
        36          4          0          0          0         80   _printf_char_file.o
         6          0          0          0          0          0   _printf_f.o
      1050          0          0          0          0        216   _printf_fp_dec.o
       128         16          0          0          0         84   _printf_fp_infnan.o
        88          4         40          0          0         88   _printf_hex_int.o
       178          0          0          0          0         88   _printf_intcommon.o
        78          0          0          0          0        108   _printf_pad.o
         0          0          0          0          0          0   _printf_percent.o
         4          0          0          0          0          0   _printf_percent_end.o
         6          0          0          0          0          0   _printf_s.o
        82          0          0          0          0         80   _printf_str.o
         6          0          0          0          0          0   _printf_x.o
        22          0          0          0          0        100   _rserrno.o
        10          0          0          0          0         68   _sputc.o
       220          4        148          0          0         96   bigflt0.o
      1910        128          0          0          0        672   btod.o
        18          0          0          0          0         80   exit.o
         8          0          0          0          0         68   ferror.o
         6          0          0          0          0        152   heapauxi.o
        44         10         28          0          0         76   lc_numeric_c.o
         2          0          0          0          0          0   libinit.o
        18          0          0          0          0          0   libinit2.o
         2          0          0          0          0          0   libshutdown.o
         2          0          0          0          0          0   libshutdown2.o
         8          4          0          0         96         68   libspace.o
       138          0          0          0          0         80   lludiv10.o
        24          4          0          0          0         84   noretval__2printf.o
        40          6          0          0          0         84   noretval__2sprintf.o
         8          4          0          0          0         68   rt_errno_addr_intlibspace.o
         8          4          0          0          0         68   rt_locale_intlibspace.o
         2          0          0          0          0          0   rtexit.o
        10          0          0          0          0          0   rtexit2.o
       128          0          0          0          0         68   strcmpv7m.o
        74          0          0          0          0         80   sys_stackheap_outer.o
         2          0          0          0          0         68   use_no_semi.o
         2          0          0          0          0         68   use_no_semi_2.o
        98          4          0          0          0         92   d2f.o
       826         16          0          0          0        348   daddsub_clz.o
        16          4          0          0          0         68   dcheck1.o
       688        140          0          0          0        208   ddiv.o
        94          4          0          0          0         92   dfix.o
        90          4          0          0          0         92   dfixu.o
        84          0          0          0          0        136   dflt_clz.o
       340         12          0          0          0        104   dmul.o
       156          4          0          0          0         92   dnaninf.o
        12          0          0          0          0         68   dretinf.o
       460         56          0          0          0        120   dsqrt_noumaal.o
        86          4          0          0          0         84   f2d.o
       430          8          0          0          0        168   faddsub_clz.o
        24          0          0          0          0         68   fcmpi.o
       388         76          0          0          0         96   fdiv.o
        86          0          0          0          0        136   fflt_clz.o
       104          4          0          0          0         84   fleqf.o
       258          4          0          0          0         84   fmul.o
       140          4          0          0          0         84   fnaninf.o
        10          0          0          0          0         68   fretinf.o
        98          0          0          0          0         68   frleqf.o
         4          0          0          0          0         68   printf1.o
       100          0          0          0          0         68   retnan.o
        92          0          0          0          0         68   scalbn.o
        48          0          0          0          0         68   trapv.o
         0          0          0          0          0          0   usenofp.o
       544         70        152          0          0        124   atan.o
       384         38          0          0          0        144   atan2.o
       156          8          0          0          0        104   cos.o
       252         22         48          0          0        124   cos_i.o
        38          6          0          0          0        272   dunder.o
        40          0          0          0          0         68   fpclassify.o
       170          0          0          0          0         96   poly.o
         0          0          8          0          0          0   qnan.o
       904         76        200          0          0        140   rred.o
       160         10          0          0          0        108   sin.o
       236         12         40          0          0        128   sin_i.o
        76          0          0          0          0         84   sqrt.o

    ----------------------------------------------------------------------
     12650        792        682          0        100       7248   Library Totals
        34          0          1          0          4          0   (incl. Padding)

    ----------------------------------------------------------------------

      Code (inc. data)   RO Data    RW Data    ZI Data      Debug   Library Name

      4924        206        233          0         96       3224   c_w.l
      4732        344          0          0          0       2632   fz_ws.l
      2960        242        448          0          0       1392   m_ws.l

    ----------------------------------------------------------------------
     12650        792        682          0        100       7248   Library Totals

    ----------------------------------------------------------------------

==============================================================================


      Code (inc. data)   RO Data    RW Data    ZI Data      Debug   

     24450       1404        950        100       4836     527786   Grand Totals
     24450       1404        950        100       4836     527786   ELF Image Totals
     24450       1404        950        100          0          0   ROM Totals

==============================================================================

    Total RO  Size (Code + RO Data)                25400 (  24.80kB)
    Total RW  Size (RW Data + ZI Data)              4936 (   4.82kB)
    Total ROM Size (Code + RO Data + RW Data)      25500 (  24.90kB)

==============================================================================

