<html>
<body>
<pre>
<h1>µVision Build Log</h1>
<h2>Tool Versions:</h2>
IDE-Version: ¦ÌVision V5.23.0.0
Copyright (C) 2017 ARM Ltd and ARM Germany GmbH. All rights reserved.
License Information: s HP, Hewlett-Packard Company, LIC=WHY12-9RMBH-R8YFF-6Q0N6-1ZVPS-KEWYH
 
Tool Versions:
Toolchain:       MDK-ARM Plus  Version: 5.23
Toolchain Path:  D:\Program Files (x86)\Keil_v5\ARM\ARMCC\Bin
C Compiler:      Armcc.exe V5.06 update 4 (build 422)
Assembler:       Armasm.exe V5.06 update 4 (build 422)
Linker/Locator:  ArmLink.exe V5.06 update 4 (build 422)
Library Manager: ArmAr.exe V5.06 update 4 (build 422)
Hex Converter:   FromElf.exe V5.06 update 4 (build 422)
CPU DLL:         SARMCM3.DLL V5.23
Dialog DLL:      DCM.DLL V1.15.0.0
Target DLL:      Segger\JL2CM3.dll V2.99.23.0
Dialog DLL:      TCM.DLL V1.27.0.0
 
<h2>Project:</h2>
D:\SL\handgesture\HardWare\AD5933_Project\USER\VirtualCOMPort.uvprojx
Project File Date:  09/11/2017

<h2>Output:</h2>
*** Using Compiler 'V5.06 update 4 (build 422)', folder: 'D:\Program Files (x86)\Keil_v5\ARM\ARMCC\Bin'
Build target 'VirtualCOMPort'
assembling startup_stm32f10x_md.s...
compiling stm32f10x_exti.c...
compiling stm32f10x_it.c...
compiling system_stm32f10x.c...
compiling misc.c...
compiling core_cm3.c...
compiling stm32f10x_fsmc.c...
compiling stm32f10x_gpio.c...
compiling stm32f10x_rcc.c...
compiling stm32f10x_usart.c...
compiling stm32f10x_can.c...
compiling stm32f10x_adc.c...
compiling stm32f10x_cec.c...
compiling stm32f10x_bkp.c...
compiling stm32f10x_crc.c...
compiling stm32f10x_dac.c...
compiling stm32f10x_dbgmcu.c...
compiling stm32f10x_iwdg.c...
compiling stm32f10x_dma.c...
compiling stm32f10x_flash.c...
compiling stm32f10x_pwr.c...
compiling stm32f10x_i2c.c...
compiling stm32f10x_rtc.c...
compiling stm32f10x_sdio.c...
compiling stm32f10x_spi.c...
compiling delay.c...
compiling stm32f10x_wwdg.c...
compiling stm32f10x_tim.c...
compiling usart.c...
compiling led.c...
compiling sys.c...
compiling key.c...
compiling main.c...
..\HARDWARE\adg1608.h(12): warning:  #1-D: last line of file ends without a newline
  #endif
main.c: 1 warning, 0 errors
compiling lcd.c...
compiling I2C.c...
..\HARDWARE\adg1608.h(12): warning:  #1-D: last line of file ends without a newline
  #endif
..\HARDWARE\AD5933\I2C.c(454): warning:  #550-D: variable "re"  was set but never used
      float Rs,re,im;
..\HARDWARE\AD5933\I2C.c(454): warning:  #550-D: variable "im"  was set but never used
      float Rs,re,im;
..\HARDWARE\AD5933\I2C.c(483): warning:  #177-D: variable "re"  was declared but never referenced
      float Rs,re,im,cap;
..\HARDWARE\AD5933\I2C.c(498): warning:  #177-D: variable "re"  was declared but never referenced
      float Rs,re,im;
..\HARDWARE\AD5933\I2C.c: 5 warnings, 0 errors
compiling adg1608.c...
..\HARDWARE\adg1608.h(12): warning:  #1-D: last line of file ends without a newline
  #endif
..\HARDWARE\adg1608.c: 1 warning, 0 errors
linking...
Program Size: Code=24450 RO-data=950 RW-data=100 ZI-data=4836  
FromELF: creating hex file...
"..\OBJ\VirtualCOMPort.axf" - 0 Error(s), 7 Warning(s).

<h2>Collection of Component include folders:</h2>
  .\RTE\_VirtualCOMPort
  D:\Program Files (x86)\Keil_v5\ARM\PACK\Keil\STM32F1xx_DFP\2.2.0\Device\Include

<h2>Collection of Component Files used:</h2>
Build Time Elapsed:  00:00:05
</pre>
</body>
</html>
